Archive member included to satisfy reference by file (symbol)

/opt/devkitpro/wups/lib/libwups.a(button_combo.o)
                              main.o (WUPSButtonComboAPI_InitInternal)
/opt/devkitpro/wups/lib/libwups.a(config_api.o)
                              main.o (WUPSConfigAPI_InitLibrary_Internal)
/opt/devkitpro/wups/lib/libwups.a(main.o)
                              (__wups_start)
/opt/devkitpro/wups/lib/libwups.a(storage.o)
                              main.o (WUPSStorageAPI_InitInternal)
/opt/devkitpro/wups/lib/libwups.a(storageCPP.o)
                              config.o (_ZN14WUPSStorageAPI11SaveStorageEb)
/opt/devkitpro/wups/lib/libwups.a(WUPSConfigCategory.o)
                              config.o (_ZN18WUPSConfigCategoryD1Ev)
/opt/devkitpro/wups/lib/libwups.a(WUPSConfigItemBooleanCpp.o)
                              config.o (_ZN21WUPSConfigItemBoolean6CreateESt8optionalINSt7__cxx1112basic_stringIcSt11char_traitsIcESaIcEEEESt17basic_string_viewIcS4_EbbPFvP17ConfigItemBooleanbE)
/opt/devkitpro/wups/lib/libwups.a(WUPSConfigItem.o)
                              config.o (_ZN14WUPSConfigItemD2Ev)
/opt/devkitpro/wups/lib/libwups.a(wups_reent.o)
                              main.o (WUPSReentAPI_InitInternal)
/opt/devkitpro/wups/lib/libwups.a(WUPSConfigItemBoolean.o)
                              /opt/devkitpro/wups/lib/libwups.a(WUPSConfigItemBooleanCpp.o) (WUPSConfigItemBoolean_CreateEx)
/opt/devkitpro/wut/lib/libwut.a(coreinit.o)
                              /opt/devkitpro/wups/lib/libwups.a(config_api.o) (OSDynLoad_Acquire)
/opt/devkitpro/wut/lib/libwut.a(padscore.o)
                              main.o (WPADProbe)
/opt/devkitpro/wut/lib/libwut.a(wut_newlib.o)
                              main.o (__init_wut_newlib)
/opt/devkitpro/wut/lib/libwut.a(wut_reent.o)
                              /opt/devkitpro/wut/lib/libwut.a(wut_newlib.o) (__wut_getreent)
/opt/devkitpro/wut/lib/libwut.a(wut_sbrk.o)
                              /opt/devkitpro/wut/lib/libwut.a(wut_newlib.o) (__wut_sbrk_r)
/opt/devkitpro/wut/lib/libwut.a(wut_thread.o)
                              main.o (__init_wut_thread)
/opt/devkitpro/wut/lib/libwut.a(wut_thread_specific.o)
                              /opt/devkitpro/wut/lib/libwut.a(wut_reent.o) (wut_set_thread_specific)
/opt/devkitpro/wut/lib/libwut.a(wut_malloc.o)
                              main.o (__init_wut_malloc)
/opt/devkitpro/wut/lib/libwut.a(devoptab_fsa.o)
                              main.o (__init_wut_devoptab)
/opt/devkitpro/wut/lib/libwut.a(devoptab_fsa_dirclose.o)
                              /opt/devkitpro/wut/lib/libwut.a(devoptab_fsa.o) (__wut_fsa_dirclose)
/opt/devkitpro/wut/lib/libwut.a(devoptab_fsa_dirnext.o)
                              /opt/devkitpro/wut/lib/libwut.a(devoptab_fsa.o) (__wut_fsa_dirnext)
/opt/devkitpro/wut/lib/libwut.a(devoptab_fsa_diropen.o)
                              /opt/devkitpro/wut/lib/libwut.a(devoptab_fsa.o) (__wut_fsa_diropen)
/opt/devkitpro/wut/lib/libwut.a(devoptab_fsa_dirreset.o)
                              /opt/devkitpro/wut/lib/libwut.a(devoptab_fsa.o) (__wut_fsa_dirreset)
/opt/devkitpro/wut/lib/libwut.a(devoptab_fsa_fstat.o)
                              /opt/devkitpro/wut/lib/libwut.a(devoptab_fsa.o) (__wut_fsa_fstat)
/opt/devkitpro/wut/lib/libwut.a(devoptab_fsa_fsync.o)
                              /opt/devkitpro/wut/lib/libwut.a(devoptab_fsa.o) (__wut_fsa_fsync)
/opt/devkitpro/wut/lib/libwut.a(devoptab_fsa_mkdir.o)
                              /opt/devkitpro/wut/lib/libwut.a(devoptab_fsa.o) (__wut_fsa_mkdir)
/opt/devkitpro/wut/lib/libwut.a(devoptab_fsa_open.o)
                              /opt/devkitpro/wut/lib/libwut.a(devoptab_fsa.o) (__wut_fsa_open)
/opt/devkitpro/wut/lib/libwut.a(devoptab_fsa_read.o)
                              /opt/devkitpro/wut/lib/libwut.a(devoptab_fsa.o) (__wut_fsa_read)
/opt/devkitpro/wut/lib/libwut.a(devoptab_fsa_rename.o)
                              /opt/devkitpro/wut/lib/libwut.a(devoptab_fsa.o) (__wut_fsa_rename)
/opt/devkitpro/wut/lib/libwut.a(devoptab_fsa_rmdir.o)
                              /opt/devkitpro/wut/lib/libwut.a(devoptab_fsa.o) (__wut_fsa_rmdir)
/opt/devkitpro/wut/lib/libwut.a(devoptab_fsa_seek.o)
                              /opt/devkitpro/wut/lib/libwut.a(devoptab_fsa.o) (__wut_fsa_seek)
/opt/devkitpro/wut/lib/libwut.a(devoptab_fsa_stat.o)
                              /opt/devkitpro/wut/lib/libwut.a(devoptab_fsa.o) (__wut_fsa_stat)
/opt/devkitpro/wut/lib/libwut.a(devoptab_fsa_statvfs.o)
                              /opt/devkitpro/wut/lib/libwut.a(devoptab_fsa.o) (__wut_fsa_statvfs)
/opt/devkitpro/wut/lib/libwut.a(devoptab_fsa_truncate.o)
                              /opt/devkitpro/wut/lib/libwut.a(devoptab_fsa.o) (__wut_fsa_ftruncate)
/opt/devkitpro/wut/lib/libwut.a(devoptab_fsa_unlink.o)
                              /opt/devkitpro/wut/lib/libwut.a(devoptab_fsa.o) (__wut_fsa_unlink)
/opt/devkitpro/wut/lib/libwut.a(devoptab_fsa_utils.o)
[...]
Memory Configuration

Name             Origin             Length             Attributes
codemem          0x02000000         0x0e000000         xrw
datamem          0x10000000         0x32000000         rw
loadmem          0xc0000000         0x08000000         xrw
*default*        0x00000000         0xffffffff

Linker script and memory map

                0x02000000                        . = ORIGIN (codemem)

.syscall
 *(.syscall .syscall.*)

.text           0x02000000    0x18b48
 *(.crt0)
 *(SORT_NONE(.init))
 .init          0x02000000        0xc /opt/devkitpro/devkitPPC/lib/gcc/powerpc-eabi/15.2.0/ecrti.o
                0x02000000                __init
 .init          0x0200000c        0x4 /opt/devkitpro/devkitPPC/lib/gcc/powerpc-eabi/15.2.0/crtbegin.o
 .init          0x02000010        0x4 /opt/devkitpro/devkitPPC/lib/gcc/powerpc-eabi/15.2.0/crtend.o
 .init          0x02000014       0x10 /opt/devkitpro/devkitPPC/lib/gcc/powerpc-eabi/15.2.0/ecrtn.o
 *(.text.unlikely .text.*_unlikely .text.unlikely.*)
 .text.unlikely.abort
                0x02000024       0xb4 /opt/devkitpro/wups/lib/libwups.a(main.o)
                                 0xa4 (size before relaxing)
                0x02000024                abort
 .text.unlikely._ZN9__gnu_cxx30__throw_concurrence_lock_errorEv
                0x020000d8       0x34 /opt/devkitpro/devkitPPC/lib/gcc/powerpc-eabi/15.2.0/../../../../powerpc-eabi/lib/libstdc++.a(eh_alloc.o)
                0x020000d8                _ZN9__gnu_cxx30__throw_concurrence_lock_errorEv
 .text.unlikely._ZN9__gnu_cxx32__throw_concurrence_unlock_errorEv
                0x0200010c       0x34 /opt/devkitpro/devkitPPC/lib/gcc/powerpc-eabi/15.2.0/../../../../powerpc-eabi/lib/libstdc++.a(eh_alloc.o)
                0x0200010c                _ZN9__gnu_cxx32__throw_concurrence_unlock_errorEv
 .text.unlikely._ZSt9terminatev
                0x02000140       0x24 /opt/devkitpro/devkitPPC/lib/gcc/powerpc-eabi/15.2.0/../../../../powerpc-eabi/lib/libstdc++.a(eh_terminate.o)
                0x02000140                _ZSt9terminatev
 .text.unlikely._ZSt10unexpectedv
                0x02000164       0x24 /opt/devkitpro/devkitPPC/lib/gcc/powerpc-eabi/15.2.0/../../../../powerpc-eabi/lib/libstdc++.a(eh_terminate.o)
                0x02000164                _ZSt10unexpectedv
 .text.unlikely._ZSt19__throw_logic_errorPKc
                0x02000188       0x58 /opt/devkitpro/devkitPPC/lib/gcc/powerpc-eabi/15.2.0/../../../../powerpc-eabi/lib/libstdc++.a(functexcept.o)
                0x02000188                _ZSt19__throw_logic_errorPKc
 .text.unlikely._ZSt20__throw_length_errorPKc
                0x020001e0       0x58 /opt/devkitpro/devkitPPC/lib/gcc/powerpc-eabi/15.2.0/../../../../powerpc-eabi/lib/libstdc++.a(functexcept.o)
                0x020001e0                _ZSt20__throw_length_errorPKc
 .text.unlikely.__cxa_call_terminate
                0x02000238       0x58 /opt/devkitpro/devkitPPC/lib/gcc/powerpc-eabi/15.2.0/../../../../powerpc-eabi/lib/libstdc++.a(eh_call.o)
                0x02000238                __cxa_call_terminate
 *(.text.exit .text.exit.*)
 .text.exit._GLOBAL__sub_D__ZN9__gnu_cxx9__freeresEv
                0x02000290       0x14 /opt/devkitpro/devkitPPC/lib/gcc/powerpc-eabi/15.2.0/../../../../powerpc-eabi/lib/libstdc++.a(eh_alloc.o)
 .text.exit._GLOBAL__sub_D__ZN17__eh_globals_init7_S_initE
                0x020002a4       0x40 /opt/devkitpro/devkitPPC/lib/gcc/powerpc-eabi/15.2.0/../../../../powerpc-eabi/lib/libstdc++.a(eh_globals.o)
 *(.text.startup .text.startup.*)
 .text.startup._GLOBAL__sub_I__ZN9__gnu_cxx9__freeresEv
                0x020002e4      0x258 /opt/devkitpro/devkitPPC/lib/gcc/powerpc-eabi/15.2.0/../../../../powerpc-eabi/lib/libstdc++.a(eh_alloc.o)
 .text.startup._GLOBAL__sub_I__ZN17__eh_globals_init7_S_initE
                0x0200053c       0x40 /opt/devkitpro/devkitPPC/lib/gcc/powerpc-eabi/15.2.0/../../../../powerpc-eabi/lib/libstdc++.a(eh_globals.o)
 *(.text.hot .text.hot.*)
 *(SORT_BY_NAME(.text.sorted.*))
 *(.text .stub .text.* .gnu.linkonce.t.*)
 .text.__do_global_dtors_aux
                0x0200057c       0xcc /opt/devkitpro/devkitPPC/lib/gcc/powerpc-eabi/15.2.0/crtbegin.o
 .text.frame_dummy
                0x02000648       0x24 /opt/devkitpro/devkitPPC/lib/gcc/powerpc-eabi/15.2.0/crtbegin.o
 .text._ZN21WUPSConfigItemBooleanD2Ev
                0x0200066c       0x10 config.o
                0x0200066c                _ZN21WUPSConfigItemBooleanD2Ev
                0x0200066c                _ZN21WUPSConfigItemBooleanD1Ev
 .text._ZN21WUPSConfigItemBooleanD0Ev
                0x0200067c       0x34 config.o
                0x0200067c                _ZN21WUPSConfigItemBooleanD0Ev
 .text._ZL15BoolItemChangedP17ConfigItemBooleanb
                0x020006b0       0x7c config.o
 .text._Z24ConfigMenuClosedCallbackv
                0x0200072c        0x8 config.o
                0x0200072c                _Z24ConfigMenuClosedCallbackv
 .text._Z24ConfigMenuOpenedCallback24WUPSConfigCategoryHandle
                0x02000734      0x1a4 config.o
                                0x194 (size before relaxing)
                0x02000734                _Z24ConfigMenuOpenedCallback24WUPSConfigCategoryHandle
 .text._ZL24RemapClassicSamplesToProP10KPADStatusj
                0x020008d8       0x5c input_patches.o
 .text._Z13my_KPADReadEx8WPADChanP10KPADStatusjP9KPADError
                0x02000934       0x60 input_patches.o
                0x02000934                _Z13my_KPADReadEx8WPADChanP10KPADStatusjP9KPADError
 .text._Z11my_KPADRead8WPADChanP10KPADStatusj
                0x02000994       0x60 input_patches.o
                0x02000994                _Z11my_KPADRead8WPADChanP10KPADStatusj
 .text._ZL30TranslateClassicRawBufferToProP17WPADStatusClassicP23WPADStatusProController
                0x020009f4       0x90 input_patches.o
 .text._Z20my_WPADGetDataFormat8WPADChan
                0x02000a84       0x4c input_patches.o
                0x02000a84                _Z20my_WPADGetDataFormat8WPADChan
 .text._Z27my_WPADSetExtensionCallback8WPADChanPFvS_17WPADExtensionTypeE
                0x02000ad0       0x74 input_patches.o
                0x02000ad0                _Z27my_WPADSetExtensionCallback8WPADChanPFvS_17WPADExtensionTypeE
 .text._ZL27ExtensionCallbackTrampoline8WPADChan17WPADExtensionType
                0x02000b44       0x54 input_patches.o
 .text._Z11my_WPADRead8WPADChanP10WPADStatus
                0x02000b98       0x98 input_patches.o
                0x02000b98                _Z11my_WPADRead8WPADChanP10WPADStatus
 .text._Z20my_WPADSetDataFormat8WPADChan14WPADDataFormat
                0x02000c30       0xf8 input_patches.o
                0x02000c30                _Z20my_WPADSetDataFormat8WPADChan14WPADDataFormat
 .text._Z12my_WPADProbe8WPADChanP17WPADExtensionType
                0x02000d28       0x60 input_patches.o
                0x02000d28                _Z12my_WPADProbe8WPADChanP17WPADExtensionType
 .text._Z27my_KPADGetUnifiedWpadStatus8WPADChanP21KPADUnifiedWpadStatusj
                0x02000d88       0x88 input_patches.o
                0x02000d88                _Z27my_KPADGetUnifiedWpadStatus8WPADChanP21KPADUnifiedWpadStatusj
 .text._Z18on_init_wut_stdcppv
                0x02000e10        0x4 main.o
                0x02000e10                _Z18on_init_wut_stdcppv
 .text._Z18on_init_wut_mallocv
                0x02000e14        0x4 main.o
                0x02000e14                _Z18on_init_wut_mallocv
 .text._Z18on_fini_wut_mallocv
                0x02000e18        0x4 main.o
                0x02000e18                _Z18on_fini_wut_mallocv
 .text._Z19on_init_wut_socketsv
                0x02000e1c       0x14 main.o
                0x02000e1c                _Z19on_init_wut_socketsv
 .text._Z19on_fini_wut_socketsv
                0x02000e30       0x14 main.o
                0x02000e30                _Z19on_fini_wut_socketsv
 .text._Z18on_init_wut_newlibv
                0x02000e44        0x4 main.o
                0x02000e44                _Z18on_init_wut_newlibv
 .text._Z18on_fini_wut_newlibv
                0x02000e48        0x4 main.o
                0x02000e48                _Z18on_fini_wut_newlibv
 .text._Z18on_init_wut_threadv
                0x02000e4c        0x4 main.o
                0x02000e4c                _Z18on_init_wut_threadv
 .text._Z14__init_wrapperv
                0x02000e50       0x50 main.o
                                 0x40 (size before relaxing)
                0x02000e50                _Z14__init_wrapperv
 .text._Z14__fini_wrapperv
                0x02000ea0        0x4 main.o
                0x02000ea0                _Z14__fini_wrapperv
 .text._Z26wups_init_config_functions30wups_loader_init_config_args_t
                0x02000ea4       0x34 main.o
                0x02000ea4                _Z26wups_init_config_functions30wups_loader_init_config_args_t
 .text._Z32wups_init_button_combo_functions37wups_loader_init_button_combo_args_t_
                0x02000ed8       0x34 main.o
                0x02000ed8                _Z32wups_init_button_combo_functions37wups_loader_init_button_combo_args_t_
 .text._Z25wups_init_reent_functions30wups_loader_init_reent_args_t_
                0x02000f0c       0x3c main.o
                0x02000f0c                _Z25wups_init_reent_functions30wups_loader_init_reent_args_t_
 .text._Z20on_init_wut_devoptabv
                0x02000f48        0x4 main.o
                0x02000f48                _Z20on_init_wut_devoptabv
 .text._Z20on_fini_wut_devoptabv
                0x02000f4c        0x4 main.o
                0x02000f4c                _Z20on_fini_wut_devoptabv
 .text._Z12init_storage32wups_loader_init_storage_args_t_
                0x02000f50       0x34 main.o
                0x02000f50                _Z12init_storage32wups_loader_init_storage_args_t_
 .text._Z13deinit_pluginv
                0x02000f84       0x34 main.o
                0x02000f84                _Z13deinit_pluginv
 .text._Z15on_app_startingv
                0x02000fb8       0x90 main.o
                                 0x80 (size before relaxing)
                0x02000fb8                _Z15on_app_startingv
 .text._Z11init_pluginv
                0x02001048       0xd8 main.o
                0x02001048                _Z11init_pluginv
 .text._Z18on_fini_wut_stdcppv
                0x02001120        0x4 main.o
                0x02001120                _Z18on_fini_wut_stdcppv
 .text.WUPSButtonComboAPI_InitInternal
                0x02001124       0xc4 /opt/devkitpro/wups/lib/libwups.a(button_combo.o)
                0x02001124                WUPSButtonComboAPI_InitInternal
 .text.WUPSConfigAPI_GetStatusStr
                0x020011e8       0xec /opt/devkitpro/wups/lib/libwups.a(config_api.o)
                0x020011e8                WUPSConfigAPI_GetStatusStr
 .text.WUPSConfigAPI_GetVersion
                0x020012d4       0xd4 /opt/devkitpro/wups/lib/libwups.a(config_api.o)
                                 0xb4 (size before relaxing)
                0x020012d4                WUPSConfigAPI_GetVersion
 .text.WUPSConfigAPI_InitLibrary_Internal
                0x020013a8      0x240 /opt/devkitpro/wups/lib/libwups.a(config_api.o)
                                0x220 (size before relaxing)
                0x020013a8                WUPSConfigAPI_InitLibrary_Internal
 .text.WUPSConfigAPI_Init
                0x020015e8       0xac /opt/devkitpro/wups/lib/libwups.a(config_api.o)
                0x020015e8                WUPSConfigAPI_Init
 .text.WUPSConfigAPI_Category_Destroy
                0x02001694       0x78 /opt/devkitpro/wups/lib/libwups.a(config_api.o)
                0x02001694                WUPSConfigAPI_Category_Destroy
 .text.WUPSConfigAPI_Category_AddItem
                0x0200170c       0x8c /opt/devkitpro/wups/lib/libwups.a(config_api.o)
                0x0200170c                WUPSConfigAPI_Category_AddItem
 .text.WUPSConfigAPI_Item_CreateEx
                0x02001798       0x9c /opt/devkitpro/wups/lib/libwups.a(config_api.o)
                0x02001798                WUPSConfigAPI_Item_CreateEx
 .text.WUPSConfigAPI_Item_Destroy
                0x02001834       0x78 /opt/devkitpro/wups/lib/libwups.a(config_api.o)
                0x02001834                WUPSConfigAPI_Item_Destroy
 .text.__wups_start
                0x020018ac       0x1c /opt/devkitpro/wups/lib/libwups.a(main.o)
                                  0xc (size before relaxing)
                0x020018ac                __wups_start
 .text.__init_wut_socket
                0x020018c8       0x60 /opt/devkitpro/wups/lib/libwups.a(main.o)
                0x020018c8                __init_wut_socket
 .text.__fini_wut_socket
                0x02001928       0x5c /opt/devkitpro/wups/lib/libwups.a(main.o)
                0x02001928                __fini_wut_socket
 .text.__getreent
                0x02001984        0x4 /opt/devkitpro/wups/lib/libwups.a(main.o)
                0x02001984                __getreent
 .text.wut_get_thread_specific
                0x02001988       0x7c /opt/devkitpro/wups/lib/libwups.a(main.o)
                                 0x5c (size before relaxing)
                0x02001988                wut_get_thread_specific
 .text.__assert_func
                0x02001a04      0x144 /opt/devkitpro/wups/lib/libwups.a(main.o)
                                0x134 (size before relaxing)
                0x02001a04                __assert_func
 .text.WUPSStorageAPI_InitInternal
                0x02001b48       0xa4 /opt/devkitpro/wups/lib/libwups.a(storage.o)
                0x02001b48                WUPSStorageAPI_InitInternal
 .text.WUPSStorageAPI_SaveStorage
                0x02001bec       0x34 /opt/devkitpro/wups/lib/libwups.a(storage.o)
                0x02001bec                WUPSStorageAPI_SaveStorage
 .text.WUPSStorageAPI_StoreItem
                0x02001c20       0x48 /opt/devkitpro/wups/lib/libwups.a(storage.o)
                0x02001c20                WUPSStorageAPI_StoreItem
 .text.WUPSStorageAPI_GetItem
                0x02001c68       0x5c /opt/devkitpro/wups/lib/libwups.a(storage.o)
                0x02001c68                WUPSStorageAPI_GetItem
 .text._ZN14WUPSStorageAPI11SaveStorageEb
                0x02001cc4        0x4 /opt/devkitpro/wups/lib/libwups.a(storageCPP.o)
                0x02001cc4                _ZN14WUPSStorageAPI11SaveStorageEb
 .text._ZNSt7__cxx1112basic_stringIcSt11char_traitsIcESaIcEEC2IS3_EEPKcRKS3_
                0x02001cc8      0x114 /opt/devkitpro/wups/lib/libwups.a(storageCPP.o)
                0x02001cc8                _ZNSt7__cxx1112basic_stringIcSt11char_traitsIcESaIcEEC1IS3_EEPKcRKS3_
                0x02001cc8                _ZNSt7__cxx1112basic_stringIcSt11char_traitsIcESaIcEEC2IS3_EEPKcRKS3_
 .text._ZNSt7__cxx1112basic_stringIcSt11char_traitsIcESaIcEE10_M_disposeEv
                0x02001ddc       0x20 /opt/devkitpro/wups/lib/libwups.a(storageCPP.o)
                0x02001ddc                _ZNSt7__cxx1112basic_stringIcSt11char_traitsIcESaIcEE10_M_disposeEv
 .text._ZNSt7__cxx1112basic_stringIcSt11char_traitsIcESaIcEE9_M_appendEPKcj
                0x02001dfc      0x3bc /opt/devkitpro/wups/lib/libwups.a(storageCPP.o)
                0x02001dfc                _ZNSt7__cxx1112basic_stringIcSt11char_traitsIcESaIcEE9_M_appendEPKcj
 .text._ZNSt7__cxx1112basic_stringIcSt11char_traitsIcESaIcEE6appendEPKc
                0x020021b8       0x64 /opt/devkitpro/wups/lib/libwups.a(storageCPP.o)
                0x020021b8                _ZNSt7__cxx1112basic_stringIcSt11char_traitsIcESaIcEE6appendEPKc
 .text._ZN18WUPSConfigCategoryD2Ev
                0x0200221c       0x40 /opt/devkitpro/wups/lib/libwups.a(WUPSConfigCategory.o)
                0x0200221c                _ZN18WUPSConfigCategoryD1Ev
                0x0200221c                _ZN18WUPSConfigCategoryD2Ev
 .text._ZN18WUPSConfigCategoryD0Ev
                0x0200225c       0x58 /opt/devkitpro/wups/lib/libwups.a(WUPSConfigCategory.o)
                0x0200225c                _ZN18WUPSConfigCategoryD0Ev
 .text._ZN18WUPSConfigCategoryC2E24WUPSConfigCategoryHandle
                0x020022b4       0x18 /opt/devkitpro/wups/lib/libwups.a(WUPSConfigCategory.o)
                0x020022b4                _ZN18WUPSConfigCategoryC2E24WUPSConfigCategoryHandle
                0x020022b4                _ZN18WUPSConfigCategoryC1E24WUPSConfigCategoryHandle
 .text._ZN18WUPSConfigCategory3addEO14WUPSConfigItem
                0x020022cc       0xd0 /opt/devkitpro/wups/lib/libwups.a(WUPSConfigCategory.o)
                0x020022cc                _ZN18WUPSConfigCategory3addEO14WUPSConfigItem
 .text._ZN21WUPSConfigItemBoolean6CreateESt8optionalINSt7__cxx1112basic_stringIcSt11char_traitsIcESaIcEEEESt17basic_string_viewIcS4_EbbPFvP17ConfigItemBooleanbER19WUPSConfigAPIStatus
                0x0200239c      0x1e8 /opt/devkitpro/wups/lib/libwups.a(WUPSConfigItemBooleanCpp.o)
                0x0200239c                _ZN21WUPSConfigItemBoolean6CreateESt8optionalINSt7__cxx1112basic_stringIcSt11char_traitsIcESaIcEEEESt17basic_string_viewIcS4_EbbPFvP17ConfigItemBooleanbER19WUPSConfigAPIStatus
 .text._ZN21WUPSConfigItemBoolean6CreateESt8optionalINSt7__cxx1112basic_stringIcSt11char_traitsIcESaIcEEEESt17basic_string_viewIcS4_EbbPFvP17ConfigItemBooleanbE
                0x02002584      0x264 /opt/devkitpro/wups/lib/libwups.a(WUPSConfigItemBooleanCpp.o)
                0x02002584                _ZN21WUPSConfigItemBoolean6CreateESt8optionalINSt7__cxx1112basic_stringIcSt11char_traitsIcESaIcEEEESt17basic_string_viewIcS4_EbbPFvP17ConfigItemBooleanbE
 .text._ZN14WUPSConfigItemD2Ev
                0x020027e8       0x40 /opt/devkitpro/wups/lib/libwups.a(WUPSConfigItem.o)
                0x020027e8                _ZN14WUPSConfigItemD2Ev
                0x020027e8                _ZN14WUPSConfigItemD1Ev
 .text._ZN14WUPSConfigItemD0Ev
                0x02002828       0x58 /opt/devkitpro/wups/lib/libwups.a(WUPSConfigItem.o)
                0x02002828                _ZN14WUPSConfigItemD0Ev
 .text._ZN14WUPSConfigItemC2EOS_
                0x02002880       0x24 /opt/devkitpro/wups/lib/libwups.a(WUPSConfigItem.o)
                0x02002880                _ZN14WUPSConfigItemC1EOS_
                0x02002880                _ZN14WUPSConfigItemC2EOS_
 .text._ZNK14WUPSConfigItem9getHandleEv
                0x020028a4        0x8 /opt/devkitpro/wups/lib/libwups.a(WUPSConfigItem.o)
                0x020028a4                _ZNK14WUPSConfigItem9getHandleEv
 .text._ZN14WUPSConfigItem7releaseEv
                0x020028ac        0xc /opt/devkitpro/wups/lib/libwups.a(WUPSConfigItem.o)
                0x020028ac                _ZN14WUPSConfigItem7releaseEv
 .text._ZL24reclaim_reent_trampolinePv
                0x020028b8       0x4c /opt/devkitpro/wups/lib/libwups.a(wups_reent.o)
 .text.WUPSReentAPI_InitInternal
                0x02002904       0x44 /opt/devkitpro/wups/lib/libwups.a(wups_reent.o)
                                 0x34 (size before relaxing)
                0x02002904                WUPSReentAPI_InitInternal
 .text._Z15__wups_getreentv
                0x02002948      0x1c4 /opt/devkitpro/wups/lib/libwups.a(wups_reent.o)
                                0x1a4 (size before relaxing)
                0x02002948                _Z15__wups_getreentv
 .text._ZL37WUPSConfigItemBoolean_onCloseCallbackPv
                0x02002b0c       0x24 /opt/devkitpro/wups/lib/libwups.a(WUPSConfigItemBoolean.o)
 .text._ZL36WUPSConfigItemBoolean_restoreDefaultPv
                0x02002b30        0xc /opt/devkitpro/wups/lib/libwups.a(WUPSConfigItemBoolean.o)
 .text._ZL52WUPSConfigItemBoolean_getCurrentValueSelectedDisplayPvPci
                0x02002b3c       0x74 /opt/devkitpro/wups/lib/libwups.a(WUPSConfigItemBoolean.o)
 .text._ZL44WUPSConfigItemBoolean_getCurrentValueDisplayPvPci
                0x02002bb0       0x74 /opt/devkitpro/wups/lib/libwups.a(WUPSConfigItemBoolean.o)
 .text._ZL29WUPSConfigItemBoolean_onInputPv23WUPSConfigSimplePadData
                0x02002c24       0x68 /opt/devkitpro/wups/lib/libwups.a(WUPSConfigItemBoolean.o)
 .text._ZL30WUPSConfigItemBoolean_onDeletePv
                0x02002c8c       0x44 /opt/devkitpro/wups/lib/libwups.a(WUPSConfigItemBoolean.o)
 .text.WUPSConfigItemBoolean_CreateEx
                0x02002cd0      0x1a0 /opt/devkitpro/wups/lib/libwups.a(WUPSConfigItemBoolean.o)
                0x02002cd0                WUPSConfigItemBoolean_CreateEx
 .text.__init_wut_newlib
                0x02002e70       0x14 /opt/devkitpro/wut/lib/libwut.a(wut_newlib.o)
                0x02002e70                __init_wut_newlib
 .text.__fini_wut_newlib
                0x02002e84        0x4 /opt/devkitpro/wut/lib/libwut.a(wut_newlib.o)
                0x02002e84                __fini_wut_newlib
 .text.__fini_wut_sbrk_heap
                0x02002e88       0x88 /opt/devkitpro/wut/lib/libwut.a(wut_sbrk.o)
                                 0x78 (size before relaxing)
                0x02002e88                __fini_wut_sbrk_heap
 .text.__wut_cond_alarmcb
                0x02002f10       0x4c /opt/devkitpro/wut/lib/libwut.a(wut_thread.o)
                                 0x2c (size before relaxing)
 .text.__init_wut_thread
                0x02002f5c       0x40 /opt/devkitpro/wut/lib/libwut.a(wut_thread.o)
                                 0x30 (size before relaxing)
                0x02002f5c                __init_wut_thread
 .text.__syscall_lock_acquire
                0x02002f9c       0xec /opt/devkitpro/wut/lib/libwut.a(wut_thread.o)
                                 0xac (size before relaxing)
                0x02002f9c                __syscall_lock_acquire
 .text.__syscall_lock_release
                0x02003088       0xec /opt/devkitpro/wut/lib/libwut.a(wut_thread.o)
                                 0xac (size before relaxing)
                0x02003088                __syscall_lock_release
 .text.__syscall_lock_acquire_recursive
                0x02003174       0xec /opt/devkitpro/wut/lib/libwut.a(wut_thread.o)
                                 0xac (size before relaxing)
                0x02003174                __syscall_lock_acquire_recursive
 .text.__syscall_lock_release_recursive
                0x02003260       0xec /opt/devkitpro/wut/lib/libwut.a(wut_thread.o)
                                 0xac (size before relaxing)
                0x02003260                __syscall_lock_release_recursive
 .text.__syscall_cond_broadcast
                0x0200334c      0x104 /opt/devkitpro/wut/lib/libwut.a(wut_thread.o)
                                 0xc4 (size before relaxing)
                0x0200334c                __syscall_cond_broadcast
 .text.__syscall_cond_wait
                0x02003450      0x36c /opt/devkitpro/wut/lib/libwut.a(wut_thread.o)
                                0x2cc (size before relaxing)
                0x02003450                __syscall_cond_wait
 .text.__init_wut_malloc
                0x020037bc        0x4 /opt/devkitpro/wut/lib/libwut.a(wut_malloc.o)
                0x020037bc                __init_wut_malloc
 .text.__fini_wut_malloc
                0x020037c0        0x4 /opt/devkitpro/wut/lib/libwut.a(wut_malloc.o)
                0x020037c0                __fini_wut_malloc
 .text._malloc_r
                0x020037c4       0x6c /opt/devkitpro/wut/lib/libwut.a(wut_malloc.o)
                0x020037c4                _malloc_r
 .text._free_r  0x02003830       0x18 /opt/devkitpro/wut/lib/libwut.a(wut_malloc.o)
                0x02003830                _free_r
 .text._realloc_r
                0x02003848       0xf0 /opt/devkitpro/wut/lib/libwut.a(wut_malloc.o)
                                 0xe0 (size before relaxing)
                0x02003848                _realloc_r
 .text._calloc_r
                0x02003938       0x9c /opt/devkitpro/wut/lib/libwut.a(wut_malloc.o)
                0x02003938                _calloc_r
 .text._memalign_r
                0x020039d4       0x70 /opt/devkitpro/wut/lib/libwut.a(wut_malloc.o)
                0x020039d4                _memalign_r
 .text.__init_wut_devoptab
                0x02003a44      0x20c /opt/devkitpro/wut/lib/libwut.a(devoptab_fsa.o)
                                0x1bc (size before relaxing)
                0x02003a44                __init_wut_devoptab
 .text.__fini_wut_devoptab
                0x02003c50       0xac /opt/devkitpro/wut/lib/libwut.a(devoptab_fsa.o)
                                 0x8c (size before relaxing)
                0x02003c50                __fini_wut_devoptab
 .text.__wut_fsa_dirclose
                0x02003cfc       0xd0 /opt/devkitpro/wut/lib/libwut.a(devoptab_fsa_dirclose.o)
                                 0xa0 (size before relaxing)
                0x02003cfc                __wut_fsa_dirclose
 .text.__wut_fsa_dirnext
                0x02003dcc      0x1dc /opt/devkitpro/wut/lib/libwut.a(devoptab_fsa_dirnext.o)
                                0x1ac (size before relaxing)
                0x02003dcc                __wut_fsa_dirnext
 .text.__wut_fsa_diropen
                0x02003fa8      0x1bc /opt/devkitpro/wut/lib/libwut.a(devoptab_fsa_diropen.o)
                                0x17c (size before relaxing)
                0x02003fa8                __wut_fsa_diropen
 .text.__wut_fsa_dirreset
                0x02004164       0xd0 /opt/devkitpro/wut/lib/libwut.a(devoptab_fsa_dirreset.o)
                                 0xa0 (size before relaxing)
                0x02004164                __wut_fsa_dirreset
 .text.__wut_fsa_fstat
                0x02004234      0x104 /opt/devkitpro/wut/lib/libwut.a(devoptab_fsa_fstat.o)
                                 0xd4 (size before relaxing)
                0x02004234                __wut_fsa_fstat
 .text.__wut_fsa_fsync
                0x02004338       0xcc /opt/devkitpro/wut/lib/libwut.a(devoptab_fsa_fsync.o)
                                 0x9c (size before relaxing)
                0x02004338                __wut_fsa_fsync
 .text.__wut_fsa_mkdir
                0x02004404       0xf0 /opt/devkitpro/wut/lib/libwut.a(devoptab_fsa_mkdir.o)
                                 0xe0 (size before relaxing)
                0x02004404                __wut_fsa_mkdir
 .text.__wut_fsa_open
                0x020044f4      0x53c /opt/devkitpro/wut/lib/libwut.a(devoptab_fsa_open.o)
                                0x4cc (size before relaxing)
                0x020044f4                __wut_fsa_open
 .text.__wut_fsa_read
                0x02004a30      0x1ec /opt/devkitpro/wut/lib/libwut.a(devoptab_fsa_read.o)
                                0x1bc (size before relaxing)
                0x02004a30                __wut_fsa_read
 .text.__wut_fsa_rename
                0x02004c1c      0x124 /opt/devkitpro/wut/lib/libwut.a(devoptab_fsa_rename.o)
                                0x114 (size before relaxing)
                0x02004c1c                __wut_fsa_rename
 .text.__wut_fsa_rmdir
                0x02004d40       0xd4 /opt/devkitpro/wut/lib/libwut.a(devoptab_fsa_rmdir.o)
                                 0xc4 (size before relaxing)
                0x02004d40                __wut_fsa_rmdir
 .text.__wut_fsa_seek
                0x02004e14      0x1c8 /opt/devkitpro/wut/lib/libwut.a(devoptab_fsa_seek.o)
                                0x188 (size before relaxing)
                0x02004e14                __wut_fsa_seek
 .text.__wut_fsa_stat
                0x02004fdc      0x128 /opt/devkitpro/wut/lib/libwut.a(devoptab_fsa_stat.o)
                                0x118 (size before relaxing)
                0x02004fdc                __wut_fsa_stat
 .text.__wut_fsa_statvfs
                0x02005104      0x178 /opt/devkitpro/wut/lib/libwut.a(devoptab_fsa_statvfs.o)
                                0x168 (size before relaxing)
                0x02005104                __wut_fsa_statvfs
 .text.__wut_fsa_ftruncate
                0x0200527c      0x108 /opt/devkitpro/wut/lib/libwut.a(devoptab_fsa_truncate.o)
                                 0xc8 (size before relaxing)
                0x0200527c                __wut_fsa_ftruncate
 .text.__wut_fsa_unlink
                0x02005384       0xd4 /opt/devkitpro/wut/lib/libwut.a(devoptab_fsa_unlink.o)
                                 0xc4 (size before relaxing)
                0x02005384                __wut_fsa_unlink
 .text.__wut_fsa_hashstring
                0x02005458       0x40 /opt/devkitpro/wut/lib/libwut.a(devoptab_fsa_utils.o)
                0x02005458                __wut_fsa_hashstring
 .text.__wut_fsa_fixpath
                0x02005498      0x368 /opt/devkitpro/wut/lib/libwut.a(devoptab_fsa_utils.o)
                0x02005498                __wut_fsa_fixpath
 .text.__wut_fsa_translate_stat_mode
                0x02005800       0x7c /opt/devkitpro/wut/lib/libwut.a(devoptab_fsa_utils.o)
                0x02005800                __wut_fsa_translate_stat_mode
 .text.__wut_fsa_translate_stat
                0x0200587c      0x144 /opt/devkitpro/wut/lib/libwut.a(devoptab_fsa_utils.o)
                0x0200587c                __wut_fsa_translate_stat
 .text.__wut_fsa_translate_error
                0x020059c0       0x28 /opt/devkitpro/wut/lib/libwut.a(devoptab_fsa_utils.o)
                0x020059c0                __wut_fsa_translate_error
 .text.__wut_fsa_write
                0x020059e8      0x204 /opt/devkitpro/wut/lib/libwut.a(devoptab_fsa_write.o)
                                0x1d4 (size before relaxing)
                0x020059e8                __wut_fsa_write
 .text.__wut_fsa_chdir
                0x02005bec      0x12c /opt/devkitpro/wut/lib/libwut.a(devoptab_fsa_chdir.o)
                                0x11c (size before relaxing)
                0x02005bec                __wut_fsa_chdir
 .text.__wut_fsa_chmod
                0x02005d18       0xf0 /opt/devkitpro/wut/lib/libwut.a(devoptab_fsa_chmod.o)
                                 0xe0 (size before relaxing)
                0x02005d18                __wut_fsa_chmod
 .text.__wut_fsa_close
                0x02005e08       0xcc /opt/devkitpro/wut/lib/libwut.a(devoptab_fsa_close.o)
                                 0x9c (size before relaxing)
                0x02005e08                __wut_fsa_close
 .text.NotificationModule_DeInitLibrary
                0x02005ed4       0x80 /opt/devkitpro/wums/lib/libnotifications.a(utils.o)
                                 0x70 (size before relaxing)
                0x02005ed4                NotificationModule_DeInitLibrary
 .text.NotificationModule_GetVersion
                0x02005f54      0x158 /opt/devkitpro/wums/lib/libnotifications.a(utils.o)
                                0x128 (size before relaxing)
                0x02005f54                NotificationModule_GetVersion
 .text.NotificationModule_InitLibrary
                0x020060ac      0x698 /opt/devkitpro/wums/lib/libnotifications.a(utils.o)
                                0x668 (size before relaxing)
                0x020060ac                NotificationModule_InitLibrary
 .text.NotificationModule_SetDefaultValue
                0x02006744      0x210 /opt/devkitpro/wums/lib/libnotifications.a(utils.o)
                0x02006744                NotificationModule_SetDefaultValue
 .text.NotificationModule_AddInfoNotification
                0x02006954       0xf8 /opt/devkitpro/wums/lib/libnotifications.a(utils.o)
                0x02006954                NotificationModule_AddInfoNotification
 .text._ZNK10__cxxabiv117__class_type_info11__do_upcastEPKS0_PPv
                0x02006a4c       0x7c /opt/devkitpro/devkitPPC/lib/gcc/powerpc-eabi/15.2.0/../../../../powerpc-eabi/lib/libstdc++.a(class_type_info.o)
                0x02006a4c                _ZNK10__cxxabiv117__class_type_info11__do_upcastEPKS0_PPv
 .text._ZNK10__cxxabiv117__class_type_info20__do_find_public_srcEiPKvPKS0_S2_
                0x02006ac8       0x18 /opt/devkitpro/devkitPPC/lib/gcc/powerpc-eabi/15.2.0/../../../../powerpc-eabi/lib/libstdc++.a(class_type_info.o)
                0x02006ac8                _ZNK10__cxxabiv117__class_type_info20__do_find_public_srcEiPKvPKS0_S2_
 .text._ZN10__cxxabiv117__class_type_infoD2Ev
                0x02006ae0       0x10 /opt/devkitpro/devkitPPC/lib/gcc/powerpc-eabi/15.2.0/../../../../powerpc-eabi/lib/libstdc++.a(class_type_info.o)
                0x02006ae0                _ZN10__cxxabiv117__class_type_infoD1Ev
                0x02006ae0                _ZN10__cxxabiv117__class_type_infoD2Ev
 .text._ZN10__cxxabiv117__class_type_infoD0Ev
                0x02006af0       0x40 /opt/devkitpro/devkitPPC/lib/gcc/powerpc-eabi/15.2.0/../../../../powerpc-eabi/lib/libstdc++.a(class_type_info.o)
                0x02006af0                _ZN10__cxxabiv117__class_type_infoD0Ev
 .text._ZNK10__cxxabiv117__class_type_info11__do_upcastEPKS0_PKvRNS0_15__upcast_resultE
                0x02006b30       0x90 /opt/devkitpro/devkitPPC/lib/gcc/powerpc-eabi/15.2.0/../../../../powerpc-eabi/lib/libstdc++.a(class_type_info.o)
                0x02006b30                _ZNK10__cxxabiv117__class_type_info11__do_upcastEPKS0_PKvRNS0_15__upcast_resultE
 .text._ZNK10__cxxabiv117__class_type_info10__do_catchEPKSt9type_infoPPvj
                0x02006bc0      0x100 /opt/devkitpro/devkitPPC/lib/gcc/powerpc-eabi/15.2.0/../../../../powerpc-eabi/lib/libstdc++.a(class_type_info.o)
                0x02006bc0                _ZNK10__cxxabiv117__class_type_info10__do_catchEPKSt9type_infoPPvj
 .text._ZNK10__cxxabiv117__class_type_info12__do_dyncastEiNS0_10__sub_kindEPKS0_PKvS3_S5_RNS0_16__dyncast_resultE
                0x02006cc0      0x134 /opt/devkitpro/devkitPPC/lib/gcc/powerpc-eabi/15.2.0/../../../../powerpc-eabi/lib/libstdc++.a(class_type_info.o)
                0x02006cc0                _ZNK10__cxxabiv117__class_type_info12__do_dyncastEiNS0_10__sub_kindEPKS0_PKvS3_S5_RNS0_16__dyncast_resultE
 .text._ZdlPvj  0x02006df4        0x4 /opt/devkitpro/devkitPPC/lib/gcc/powerpc-eabi/15.2.0/../../../../powerpc-eabi/lib/libstdc++.a(del_ops.o)
                0x02006df4                _ZdlPvj
 .text._ZNK9__gnu_cxx24__concurrence_lock_error4whatEv
                0x02006df8        0xc /opt/devkitpro/devkitPPC/lib/gcc/powerpc-eabi/15.2.0/../../../../powerpc-eabi/lib/libstdc++.a(eh_alloc.o)
                0x02006df8                _ZNK9__gnu_cxx24__concurrence_lock_error4whatEv
 .text._ZNK9__gnu_cxx26__concurrence_unlock_error4whatEv
                0x02006e04        0xc /opt/devkitpro/devkitPPC/lib/gcc/powerpc-eabi/15.2.0/../../../../powerpc-eabi/lib/libstdc++.a(eh_alloc.o)
                0x02006e04                _ZNK9__gnu_cxx26__concurrence_unlock_error4whatEv
 .text._ZN9__gnu_cxx24__concurrence_lock_errorD2Ev
                0x02006e10       0x10 /opt/devkitpro/devkitPPC/lib/gcc/powerpc-eabi/15.2.0/../../../../powerpc-eabi/lib/libstdc++.a(eh_alloc.o)
                0x02006e10                _ZN9__gnu_cxx24__concurrence_lock_errorD2Ev
                0x02006e10                _ZN9__gnu_cxx24__concurrence_lock_errorD1Ev
 .text._ZN9__gnu_cxx24__concurrence_lock_errorD0Ev
                0x02006e20       0x40 /opt/devkitpro/devkitPPC/lib/gcc/powerpc-eabi/15.2.0/../../../../powerpc-eabi/lib/libstdc++.a(eh_alloc.o)
                0x02006e20                _ZN9__gnu_cxx24__concurrence_lock_errorD0Ev
 .text._ZN9__gnu_cxx26__concurrence_unlock_errorD2Ev
                0x02006e60       0x10 /opt/devkitpro/devkitPPC/lib/gcc/powerpc-eabi/15.2.0/../../../../powerpc-eabi/lib/libstdc++.a(eh_alloc.o)
                0x02006e60                _ZN9__gnu_cxx26__concurrence_unlock_errorD1Ev
                0x02006e60                _ZN9__gnu_cxx26__concurrence_unlock_errorD2Ev
 .text._ZN9__gnu_cxx26__concurrence_unlock_errorD0Ev
                0x02006e70       0x40 /opt/devkitpro/devkitPPC/lib/gcc/powerpc-eabi/15.2.0/../../../../powerpc-eabi/lib/libstdc++.a(eh_alloc.o)
                0x02006e70                _ZN9__gnu_cxx26__concurrence_unlock_errorD0Ev
 .text._ZN12_GLOBAL__N_14pool4freeEPv.constprop.0
                0x02006eb0      0x134 /opt/devkitpro/devkitPPC/lib/gcc/powerpc-eabi/15.2.0/../../../../powerpc-eabi/lib/libstdc++.a(eh_alloc.o)
 .text._ZN12_GLOBAL__N_14pool8allocateEj.constprop.0
                0x02006fe4       0xfc /opt/devkitpro/devkitPPC/lib/gcc/powerpc-eabi/15.2.0/../../../../powerpc-eabi/lib/libstdc++.a(eh_alloc.o)
 .text.__cxa_allocate_exception
                0x020070e0       0x68 /opt/devkitpro/devkitPPC/lib/gcc/powerpc-eabi/15.2.0/../../../../powerpc-eabi/lib/libstdc++.a(eh_alloc.o)
                0x020070e0                __cxa_allocate_exception
 .text.__cxa_free_exception
                0x02007148       0x30 /opt/devkitpro/devkitPPC/lib/gcc/powerpc-eabi/15.2.0/../../../../powerpc-eabi/lib/libstdc++.a(eh_alloc.o)
                0x02007148                __cxa_free_exception
 .text.__cxa_begin_catch
                0x02007178       0xc8 /opt/devkitpro/devkitPPC/lib/gcc/powerpc-eabi/15.2.0/../../../../powerpc-eabi/lib/libstdc++.a(eh_catch.o)
                0x02007178                __cxa_begin_catch
 .text.__cxa_end_catch
                0x02007240       0xc0 /opt/devkitpro/devkitPPC/lib/gcc/powerpc-eabi/15.2.0/../../../../powerpc-eabi/lib/libstdc++.a(eh_catch.o)
                0x02007240                __cxa_end_catch
 .text._ZNSt9exceptionD2Ev
                0x02007300        0x4 /opt/devkitpro/devkitPPC/lib/gcc/powerpc-eabi/15.2.0/../../../../powerpc-eabi/lib/libstdc++.a(eh_exception.o)
                0x02007300                _ZNSt9exceptionD2Ev
                0x02007300                _ZNSt9exceptionD1Ev
 .text._ZL15eh_globals_dtorPv
                0x02007304       0x68 /opt/devkitpro/devkitPPC/lib/gcc/powerpc-eabi/15.2.0/../../../../powerpc-eabi/lib/libstdc++.a(eh_globals.o)
 .text.__cxa_get_globals_fast
                0x0200736c       0x44 /opt/devkitpro/devkitPPC/lib/gcc/powerpc-eabi/15.2.0/../../../../powerpc-eabi/lib/libstdc++.a(eh_globals.o)
                0x0200736c                __cxa_get_globals_fast
 .text.__cxa_get_globals
                0x020073b0       0x90 /opt/devkitpro/devkitPPC/lib/gcc/powerpc-eabi/15.2.0/../../../../powerpc-eabi/lib/libstdc++.a(eh_globals.o)
                0x020073b0                __cxa_get_globals
 .text._ZL16get_adjusted_ptrPKSt9type_infoS1_PPv
                0x02007440       0x98 /opt/devkitpro/devkitPPC/lib/gcc/powerpc-eabi/15.2.0/../../../../powerpc-eabi/lib/libstdc++.a(eh_personality.o)
 .text._ZL28read_encoded_value_with_basehjPKhPj
                0x020074d8      0x13c /opt/devkitpro/devkitPPC/lib/gcc/powerpc-eabi/15.2.0/../../../../powerpc-eabi/lib/libstdc++.a(eh_personality.o)
 .text._ZL21base_of_encoded_valuehP15_Unwind_Context
                0x02007614       0x68 /opt/devkitpro/devkitPPC/lib/gcc/powerpc-eabi/15.2.0/../../../../powerpc-eabi/lib/libstdc++.a(eh_personality.o)
 .text._ZL17parse_lsda_headerP15_Unwind_ContextPKhP16lsda_header_info
                0x0200767c      0x120 /opt/devkitpro/devkitPPC/lib/gcc/powerpc-eabi/15.2.0/../../../../powerpc-eabi/lib/libstdc++.a(eh_personality.o)
 .text._ZL20check_exception_specP16lsda_header_infoPKSt9type_infoPvl
                0x0200779c      0x138 /opt/devkitpro/devkitPPC/lib/gcc/powerpc-eabi/15.2.0/../../../../powerpc-eabi/lib/libstdc++.a(eh_personality.o)
 .text.__gxx_personality_v0
                0x020078d4      0x8b4 /opt/devkitpro/devkitPPC/lib/gcc/powerpc-eabi/15.2.0/../../../../powerpc-eabi/lib/libstdc++.a(eh_personality.o)
                0x020078d4                __gxx_personality_v0
 .text._ZN10__cxxabiv111__terminateEPFvvE
                0x02008188       0x20 /opt/devkitpro/devkitPPC/lib/gcc/powerpc-eabi/15.2.0/../../../../powerpc-eabi/lib/libstdc++.a(eh_terminate.o)
                0x02008188                _ZN10__cxxabiv111__terminateEPFvvE
 .text._ZN10__cxxabiv112__unexpectedEPFvvE
                0x020081a8       0x18 /opt/devkitpro/devkitPPC/lib/gcc/powerpc-eabi/15.2.0/../../../../powerpc-eabi/lib/libstdc++.a(eh_terminate.o)
                0x020081a8                _ZN10__cxxabiv112__unexpectedEPFvvE
 .text._ZSt13get_terminatev
                0x020081c0       0x18 /opt/devkitpro/devkitPPC/lib/gcc/powerpc-eabi/15.2.0/../../../../powerpc-eabi/lib/libstdc++.a(eh_terminate.o)
                0x020081c0                _ZSt13get_terminatev
 .text._ZSt14get_unexpectedv
                0x020081d8       0x18 /opt/devkitpro/devkitPPC/lib/gcc/powerpc-eabi/15.2.0/../../../../powerpc-eabi/lib/libstdc++.a(eh_terminate.o)
                0x020081d8                _ZSt14get_unexpectedv
 .text._ZL23__gxx_exception_cleanup19_Unwind_Reason_CodeP17_Unwind_Exception
                0x020081f0       0x80 /opt/devkitpro/devkitPPC/lib/gcc/powerpc-eabi/15.2.0/../../../../powerpc-eabi/lib/libstdc++.a(eh_throw.o)
 .text.__cxa_init_primary_exception
                0x02008270       0x70 /opt/devkitpro/devkitPPC/lib/gcc/powerpc-eabi/15.2.0/../../../../powerpc-eabi/lib/libstdc++.a(eh_throw.o)
                0x02008270                __cxa_init_primary_exception
 .text.__cxa_throw
                0x020082e0       0x68 /opt/devkitpro/devkitPPC/lib/gcc/powerpc-eabi/15.2.0/../../../../powerpc-eabi/lib/libstdc++.a(eh_throw.o)
                0x020082e0                __cxa_throw
 .text._Znwj    0x02008348       0x80 /opt/devkitpro/devkitPPC/lib/gcc/powerpc-eabi/15.2.0/../../../../powerpc-eabi/lib/libstdc++.a(new_op.o)
                0x02008348                _Znwj
 .text._ZN10__cxxabiv120__si_class_type_infoD2Ev
                0x020083c8       0x10 /opt/devkitpro/devkitPPC/lib/gcc/powerpc-eabi/15.2.0/../../../../powerpc-eabi/lib/libstdc++.a(si_class_type_info.o)
                0x020083c8                _ZN10__cxxabiv120__si_class_type_infoD2Ev
                0x020083c8                _ZN10__cxxabiv120__si_class_type_infoD1Ev
 .text._ZN10__cxxabiv120__si_class_type_infoD0Ev
                0x020083d8       0x40 /opt/devkitpro/devkitPPC/lib/gcc/powerpc-eabi/15.2.0/../../../../powerpc-eabi/lib/libstdc++.a(si_class_type_info.o)
                0x020083d8                _ZN10__cxxabiv120__si_class_type_infoD0Ev
 .text._ZNK10__cxxabiv120__si_class_type_info12__do_dyncastEiNS_17__class_type_info10__sub_kindEPKS1_PKvS4_S6_RNS1_16__dyncast_resultE
                0x02008418      0x1b8 /opt/devkitpro/devkitPPC/lib/gcc/powerpc-eabi/15.2.0/../../../../powerpc-eabi/lib/libstdc++.a(si_class_type_info.o)
                0x02008418                _ZNK10__cxxabiv120__si_class_type_info12__do_dyncastEiNS_17__class_type_info10__sub_kindEPKS1_PKvS4_S6_RNS1_16__dyncast_resultE
 .text._ZNK10__cxxabiv120__si_class_type_info20__do_find_public_srcEiPKvPKNS_17__class_type_infoES2_
                0x020085d0       0xd4 /opt/devkitpro/devkitPPC/lib/gcc/powerpc-eabi/15.2.0/../../../../powerpc-eabi/lib/libstdc++.a(si_class_type_info.o)
                0x020085d0                _ZNK10__cxxabiv120__si_class_type_info20__do_find_public_srcEiPKvPKNS_17__class_type_infoES2_
 .text._ZNK10__cxxabiv120__si_class_type_info11__do_upcastEPKNS_17__class_type_infoEPKvRNS1_15__upcast_resultE
                0x020086a4       0x94 /opt/devkitpro/devkitPPC/lib/gcc/powerpc-eabi/15.2.0/../../../../powerpc-eabi/lib/libstdc++.a(si_class_type_info.o)
                0x020086a4                _ZNK10__cxxabiv120__si_class_type_info11__do_upcastEPKNS_17__class_type_infoEPKvRNS1_15__upcast_resultE
 .text._ZNSt9type_infoD2Ev
                0x02008738        0x4 /opt/devkitpro/devkitPPC/lib/gcc/powerpc-eabi/15.2.0/../../../../powerpc-eabi/lib/libstdc++.a(tinfo.o)
                0x02008738                _ZNSt9type_infoD1Ev
                0x02008738                _ZNSt9type_infoD2Ev
 .text._ZNKSt9type_info14__is_pointer_pEv
                0x0200873c        0x8 /opt/devkitpro/devkitPPC/lib/gcc/powerpc-eabi/15.2.0/../../../../powerpc-eabi/lib/libstdc++.a(tinfo.o)
                0x0200873c                _ZNKSt9type_info15__is_function_pEv
                0x0200873c                _ZNKSt9type_info14__is_pointer_pEv
 .text._ZNKSt11logic_error4whatEv
                0x02008744        0x8 /opt/devkitpro/devkitPPC/lib/gcc/powerpc-eabi/15.2.0/../../../../powerpc-eabi/lib/libstdc++.a(stdexcept.o)
                0x02008744                _ZNKSt13runtime_error4whatEv
                0x02008744                _ZNKSt11logic_error4whatEv
 .text._ZNSt11logic_errorD2Ev
                0x0200874c       0x84 /opt/devkitpro/devkitPPC/lib/gcc/powerpc-eabi/15.2.0/../../../../powerpc-eabi/lib/libstdc++.a(stdexcept.o)
                0x0200874c                _ZNSt11logic_errorD2Ev
                0x0200874c                _ZNSt11logic_errorD1Ev
 .text._ZNSt13runtime_errorD2Ev
                0x020087d0       0x84 /opt/devkitpro/devkitPPC/lib/gcc/powerpc-eabi/15.2.0/../../../../powerpc-eabi/lib/libstdc++.a(stdexcept.o)
                0x020087d0                _ZNSt13runtime_errorD2Ev
                0x020087d0                _ZNSt13runtime_errorD1Ev
 .text._ZNSt13runtime_errorD0Ev
                0x02008854       0x88 /opt/devkitpro/devkitPPC/lib/gcc/powerpc-eabi/15.2.0/../../../../powerpc-eabi/lib/libstdc++.a(stdexcept.o)
                0x02008854                _ZNSt13runtime_errorD0Ev
 .text._ZNSt12length_errorD2Ev
                0x020088dc       0x84 /opt/devkitpro/devkitPPC/lib/gcc/powerpc-eabi/15.2.0/../../../../powerpc-eabi/lib/libstdc++.a(stdexcept.o)
                0x020088dc                _ZNSt12length_errorD2Ev
                0x020088dc                _ZNSt12length_errorD1Ev
 .text._ZNSt11logic_errorD0Ev
                0x02008960       0x88 /opt/devkitpro/devkitPPC/lib/gcc/powerpc-eabi/15.2.0/../../../../powerpc-eabi/lib/libstdc++.a(stdexcept.o)
                0x02008960                _ZNSt11logic_errorD0Ev
 .text._ZNSt12length_errorD0Ev
                0x020089e8       0x88 /opt/devkitpro/devkitPPC/lib/gcc/powerpc-eabi/15.2.0/../../../../powerpc-eabi/lib/libstdc++.a(stdexcept.o)
                0x020089e8                _ZNSt12length_errorD0Ev
 .text._ZNSt11logic_errorC2EPKc
                0x02008a70      0x114 /opt/devkitpro/devkitPPC/lib/gcc/powerpc-eabi/15.2.0/../../../../powerpc-eabi/lib/libstdc++.a(cow-stdexcept.o)
                0x02008a70                _ZNSt11logic_errorC2EPKc
                0x02008a70                _ZNSt11logic_errorC1EPKc
 .text._ZNSt12length_errorC2EPKc
                0x02008b84       0x38 /opt/devkitpro/devkitPPC/lib/gcc/powerpc-eabi/15.2.0/../../../../powerpc-eabi/lib/libstdc++.a(cow-stdexcept.o)
                0x02008b84                _ZNSt12length_errorC2EPKc
                0x02008b84                _ZNSt12length_errorC1EPKc
 .text._ZNSt13runtime_errorC2EPKc
                0x02008bbc      0x114 /opt/devkitpro/devkitPPC/lib/gcc/powerpc-eabi/15.2.0/../../../../powerpc-eabi/lib/libstdc++.a(cow-stdexcept.o)
                0x02008bbc                _ZNSt13runtime_errorC2EPKc
                0x02008bbc                _ZNSt13runtime_errorC1EPKc
 .text._ZNSt12__cow_stringC2EPKcj
                0x02008cd0       0xf4 /opt/devkitpro/devkitPPC/lib/gcc/powerpc-eabi/15.2.0/../../../../powerpc-eabi/lib/libstdc++.a(cow-stdexcept.o)
                0x02008cd0                _ZNSt12__cow_stringC1EPKcj
                0x02008cd0                _ZNSt12__cow_stringC2EPKcj
 .text._ZNSs4_Rep9_S_createEjjRKSaIcE
                0x02008dc4       0xdc /opt/devkitpro/devkitPPC/lib/gcc/powerpc-eabi/15.2.0/../../../../powerpc-eabi/lib/libstdc++.a(cow-string-inst.o)
                0x02008dc4                _ZNSs4_Rep9_S_createEjjRKSaIcE
 .text._ZNSs4_Rep10_M_destroyERKSaIcE
                0x02008ea0        0x4 /opt/devkitpro/devkitPPC/lib/gcc/powerpc-eabi/15.2.0/../../../../powerpc-eabi/lib/libstdc++.a(cow-string-inst.o)
                0x02008ea0                _ZNSs4_Rep10_M_destroyERKSaIcE
 .text._ZNSt13runtime_errorC2ERKNSt7__cxx1112basic_stringIcSt11char_traitsIcESaIcEEE
                0x02008ea4       0x5c /opt/devkitpro/devkitPPC/lib/gcc/powerpc-eabi/15.2.0/../../../../powerpc-eabi/lib/libstdc++.a(cxx11-stdexcept.o)
                0x02008ea4                _ZNSt13runtime_errorC2ERKNSt7__cxx1112basic_stringIcSt11char_traitsIcESaIcEEE
                0x02008ea4                _ZNSt13runtime_errorC1ERKNSt7__cxx1112basic_stringIcSt11char_traitsIcESaIcEEE
 .text._ZNKSt9bad_alloc4whatEv
                0x02008f00        0xc /opt/devkitpro/devkitPPC/lib/gcc/powerpc-eabi/15.2.0/../../../../powerpc-eabi/lib/libstdc++.a(bad_alloc.o)
                0x02008f00                _ZNKSt9bad_alloc4whatEv
 .text._ZNSt9bad_allocD2Ev
                0x02008f0c       0x10 /opt/devkitpro/devkitPPC/lib/gcc/powerpc-eabi/15.2.0/../../../../powerpc-eabi/lib/libstdc++.a(bad_alloc.o)
                0x02008f0c                _ZNSt9bad_allocD2Ev
                0x02008f0c                _ZNSt9bad_allocD1Ev
 .text._ZNSt9bad_allocD0Ev
                0x02008f1c       0x40 /opt/devkitpro/devkitPPC/lib/gcc/powerpc-eabi/15.2.0/../../../../powerpc-eabi/lib/libstdc++.a(bad_alloc.o)
                0x02008f1c                _ZNSt9bad_allocD0Ev
 .text._ZdlPv   0x02008f5c        0x4 /opt/devkitpro/devkitPPC/lib/gcc/powerpc-eabi/15.2.0/../../../../powerpc-eabi/lib/libstdc++.a(del_op.o)
                0x02008f5c                _ZdlPv
 .text._ZSt15get_new_handlerv
                0x02008f60       0x18 /opt/devkitpro/devkitPPC/lib/gcc/powerpc-eabi/15.2.0/../../../../powerpc-eabi/lib/libstdc++.a(new_handler.o)
                0x02008f60                _ZSt15get_new_handlerv
 .text.__divdi3
                0x02008f78      0x428 /opt/devkitpro/devkitPPC/lib/gcc/powerpc-eabi/15.2.0/libgcc.a(_divdi3.o)
                0x02008f78                __divdi3
 .text.__udivdi3
                0x020093a0      0x3cc /opt/devkitpro/devkitPPC/lib/gcc/powerpc-eabi/15.2.0/libgcc.a(_udivdi3.o)
                0x020093a0                __udivdi3
 .text          0x0200976c       0x58 /opt/devkitpro/devkitPPC/lib/gcc/powerpc-eabi/15.2.0/libgcc.a(crtresxgpr.o)
                0x0200976c                _restgpr_14_x
                0x02009770                _restgpr_15_x
                0x02009774                _restgpr_16_x
                0x02009778                _restgpr_17_x
                0x0200977c                _restgpr_18_x
                0x02009780                _restgpr_19_x
                0x02009784                _restgpr_20_x
                0x02009788                _restgpr_21_x
                0x0200978c                _restgpr_22_x
                0x02009790                _restgpr_23_x
                0x02009794                _restgpr_24_x
                0x02009798                _restgpr_25_x
                0x0200979c                _restgpr_26_x
                0x020097a0                _restgpr_27_x
                0x020097a4                _restgpr_28_x
                0x020097a8                _restgpr_29_x
                0x020097ac                _restgpr_30_x
                0x020097b0                _restgpr_31_x
 .text.init_dwarf_reg_size_table
                0x020097c4      0x1d0 /opt/devkitpro/devkitPPC/lib/gcc/powerpc-eabi/15.2.0/libgcc.a(unwind-dw2.o)
 .text.uw_install_context_1
                0x02009994      0x1fc /opt/devkitpro/devkitPPC/lib/gcc/powerpc-eabi/15.2.0/libgcc.a(unwind-dw2.o)
 .text.read_encoded_value
                0x02009b90      0x18c /opt/devkitpro/devkitPPC/lib/gcc/powerpc-eabi/15.2.0/libgcc.a(unwind-dw2.o)
 .text.execute_stack_op
                0x02009d1c      0x870 /opt/devkitpro/devkitPPC/lib/gcc/powerpc-eabi/15.2.0/libgcc.a(unwind-dw2.o)
 .text.uw_update_context_1
                0x0200a58c      0x390 /opt/devkitpro/devkitPPC/lib/gcc/powerpc-eabi/15.2.0/libgcc.a(unwind-dw2.o)
 .text.execute_cfa_program_specialized
                0x0200a91c      0x954 /opt/devkitpro/devkitPPC/lib/gcc/powerpc-eabi/15.2.0/libgcc.a(unwind-dw2.o)
 .text.execute_cfa_program_generic
                0x0200b270      0x9bc /opt/devkitpro/devkitPPC/lib/gcc/powerpc-eabi/15.2.0/libgcc.a(unwind-dw2.o)
 .text.uw_frame_state_for
                0x0200bc2c      0x4d8 /opt/devkitpro/devkitPPC/lib/gcc/powerpc-eabi/15.2.0/libgcc.a(unwind-dw2.o)
 .text.uw_init_context_1
                0x0200c104      0x2d0 /opt/devkitpro/devkitPPC/lib/gcc/powerpc-eabi/15.2.0/libgcc.a(unwind-dw2.o)
 .text._Unwind_RaiseException_Phase2
                0x0200c3d4      0x1cc /opt/devkitpro/devkitPPC/lib/gcc/powerpc-eabi/15.2.0/libgcc.a(unwind-dw2.o)
 .text._Unwind_ForcedUnwind_Phase2
                0x0200c5a0      0x1f0 /opt/devkitpro/devkitPPC/lib/gcc/powerpc-eabi/15.2.0/libgcc.a(unwind-dw2.o)
 .text._Unwind_SetGR
                0x0200c790       0x64 /opt/devkitpro/devkitPPC/lib/gcc/powerpc-eabi/15.2.0/libgcc.a(unwind-dw2.o)
                0x0200c790                _Unwind_SetGR
 .text._Unwind_GetIPInfo
                0x0200c7f4       0x14 /opt/devkitpro/devkitPPC/lib/gcc/powerpc-eabi/15.2.0/libgcc.a(unwind-dw2.o)
                0x0200c7f4                _Unwind_GetIPInfo
 .text._Unwind_SetIP
                0x0200c808        0x8 /opt/devkitpro/devkitPPC/lib/gcc/powerpc-eabi/15.2.0/libgcc.a(unwind-dw2.o)
                0x0200c808                _Unwind_SetIP
 .text._Unwind_GetLanguageSpecificData
                0x0200c810        0x8 /opt/devkitpro/devkitPPC/lib/gcc/powerpc-eabi/15.2.0/libgcc.a(unwind-dw2.o)
                0x0200c810                _Unwind_GetLanguageSpecificData
 .text._Unwind_GetRegionStart
                0x0200c818        0x8 /opt/devkitpro/devkitPPC/lib/gcc/powerpc-eabi/15.2.0/libgcc.a(unwind-dw2.o)
                0x0200c818                _Unwind_GetRegionStart
 .text._Unwind_GetDataRelBase
                0x0200c820        0x8 /opt/devkitpro/devkitPPC/lib/gcc/powerpc-eabi/15.2.0/libgcc.a(unwind-dw2.o)
                0x0200c820                _Unwind_GetDataRelBase
 .text._Unwind_GetTextRelBase
                0x0200c828        0x8 /opt/devkitpro/devkitPPC/lib/gcc/powerpc-eabi/15.2.0/libgcc.a(unwind-dw2.o)
                0x0200c828                _Unwind_GetTextRelBase
 .text._Unwind_DebugHook
                0x0200c830        0x4 /opt/devkitpro/devkitPPC/lib/gcc/powerpc-eabi/15.2.0/libgcc.a(unwind-dw2.o)
 .text._Unwind_RaiseException
                0x0200c834      0x38c /opt/devkitpro/devkitPPC/lib/gcc/powerpc-eabi/15.2.0/libgcc.a(unwind-dw2.o)
                0x0200c834                _Unwind_RaiseException
 .text._Unwind_Resume
                0x0200cbc0      0x1dc /opt/devkitpro/devkitPPC/lib/gcc/powerpc-eabi/15.2.0/libgcc.a(unwind-dw2.o)
                0x0200cbc0                _Unwind_Resume
 .text._Unwind_DeleteException
                0x0200cd9c       0x1c /opt/devkitpro/devkitPPC/lib/gcc/powerpc-eabi/15.2.0/libgcc.a(unwind-dw2.o)
                0x0200cd9c                _Unwind_DeleteException
 .text.fde_unencoded_compare
                0x0200cdb8       0x20 /opt/devkitpro/devkitPPC/lib/gcc/powerpc-eabi/15.2.0/libgcc.a(unwind-dw2-fde.o)
 .text.fde_unencoded_extract
                0x0200cdd8       0x74 /opt/devkitpro/devkitPPC/lib/gcc/powerpc-eabi/15.2.0/libgcc.a(unwind-dw2-fde.o)
 .text.frame_downheap
                0x0200ce4c      0x110 /opt/devkitpro/devkitPPC/lib/gcc/powerpc-eabi/15.2.0/libgcc.a(unwind-dw2-fde.o)
 .text.read_encoded_value_with_base
                0x0200cf5c      0x13c /opt/devkitpro/devkitPPC/lib/gcc/powerpc-eabi/15.2.0/libgcc.a(unwind-dw2-fde.o)
 .text.fde_radixsort
                0x0200d098      0x2a4 /opt/devkitpro/devkitPPC/lib/gcc/powerpc-eabi/15.2.0/libgcc.a(unwind-dw2-fde.o)
 .text.__deregister_frame_info_bases.part.0
                0x0200d33c      0x118 /opt/devkitpro/devkitPPC/lib/gcc/powerpc-eabi/15.2.0/libgcc.a(unwind-dw2-fde.o)
 .text.get_cie_encoding
                0x0200d454      0x158 /opt/devkitpro/devkitPPC/lib/gcc/powerpc-eabi/15.2.0/libgcc.a(unwind-dw2-fde.o)
 .text.fde_mixed_encoding_extract
                0x0200d5ac       0xfc /opt/devkitpro/devkitPPC/lib/gcc/powerpc-eabi/15.2.0/libgcc.a(unwind-dw2-fde.o)
 .text.classify_object_over_fdes.constprop.0
                0x0200d6a8      0x20c /opt/devkitpro/devkitPPC/lib/gcc/powerpc-eabi/15.2.0/libgcc.a(unwind-dw2-fde.o)
 .text.fde_single_encoding_extract
                0x0200d8b4      0x108 /opt/devkitpro/devkitPPC/lib/gcc/powerpc-eabi/15.2.0/libgcc.a(unwind-dw2-fde.o)
 .text.fde_single_encoding_compare
                0x0200d9bc       0xd0 /opt/devkitpro/devkitPPC/lib/gcc/powerpc-eabi/15.2.0/libgcc.a(unwind-dw2-fde.o)
 .text.fde_mixed_encoding_compare
                0x0200da8c      0x150 /opt/devkitpro/devkitPPC/lib/gcc/powerpc-eabi/15.2.0/libgcc.a(unwind-dw2-fde.o)
 .text.add_fdes.isra.0
                0x0200dbdc      0x2c0 /opt/devkitpro/devkitPPC/lib/gcc/powerpc-eabi/15.2.0/libgcc.a(unwind-dw2-fde.o)
 .text.linear_search_fdes
                0x0200de9c      0x360 /opt/devkitpro/devkitPPC/lib/gcc/powerpc-eabi/15.2.0/libgcc.a(unwind-dw2-fde.o)
 .text.search_object
                0x0200e1fc      0x6e4 /opt/devkitpro/devkitPPC/lib/gcc/powerpc-eabi/15.2.0/libgcc.a(unwind-dw2-fde.o)
 .text.__register_frame_info
                0x0200e8e0       0x88 /opt/devkitpro/devkitPPC/lib/gcc/powerpc-eabi/15.2.0/libgcc.a(unwind-dw2-fde.o)
                0x0200e8e0                __register_frame_info
 .text.__deregister_frame_info
                0x0200e968       0x20 /opt/devkitpro/devkitPPC/lib/gcc/powerpc-eabi/15.2.0/libgcc.a(unwind-dw2-fde.o)
                0x0200e968                __deregister_frame_info
 .text._Unwind_Find_FDE
                0x0200e988      0x24c /opt/devkitpro/devkitPPC/lib/gcc/powerpc-eabi/15.2.0/libgcc.a(unwind-dw2-fde.o)
                0x0200e988                _Unwind_Find_FDE
 .text.chdir    0x0200ebd4      0x1b8 /opt/devkitpro/devkitPPC/lib/gcc/powerpc-eabi/15.2.0/../../../../powerpc-eabi/lib/libsysbase.a(libsysbase_libsysbase_a-chdir.o)
                0x0200ebd4                chdir
 .text._concatenate_path
                0x0200ed8c      0x27c /opt/devkitpro/devkitPPC/lib/gcc/powerpc-eabi/15.2.0/../../../../powerpc-eabi/lib/libsysbase.a(libsysbase_libsysbase_a-concatenate.o)
                0x0200ed8c                _concatenate_path
 .text.null_write
                0x0200f008        0x8 /opt/devkitpro/devkitPPC/lib/gcc/powerpc-eabi/15.2.0/../../../../powerpc-eabi/lib/libsysbase.a(libsysbase_libsysbase_a-iosupport.o)
 .text.setDefaultDevice
                0x0200f010       0x18 /opt/devkitpro/devkitPPC/lib/gcc/powerpc-eabi/15.2.0/../../../../powerpc-eabi/lib/libsysbase.a(libsysbase_libsysbase_a-iosupport.o)
                0x0200f010                setDefaultDevice
 .text.FindDevice
                0x0200f028      0x108 /opt/devkitpro/devkitPPC/lib/gcc/powerpc-eabi/15.2.0/../../../../powerpc-eabi/lib/libsysbase.a(libsysbase_libsysbase_a-iosupport.o)
                0x0200f028                FindDevice
 .text.RemoveDevice
                0x0200f130       0x40 /opt/devkitpro/devkitPPC/lib/gcc/powerpc-eabi/15.2.0/../../../../powerpc-eabi/lib/libsysbase.a(libsysbase_libsysbase_a-iosupport.o)
                0x0200f130                RemoveDevice
 .text.AddDevice
                0x0200f170       0xf4 /opt/devkitpro/devkitPPC/lib/gcc/powerpc-eabi/15.2.0/../../../../powerpc-eabi/lib/libsysbase.a(libsysbase_libsysbase_a-iosupport.o)
                0x0200f170                AddDevice
 .text.pthread_mutex_lock
                0x0200f264       0x80 /opt/devkitpro/devkitPPC/lib/gcc/powerpc-eabi/15.2.0/../../../../powerpc-eabi/lib/libsysbase.a(libsysbase_libsysbase_a-pthread.o)
                0x0200f264                pthread_mutex_lock
 .text.pthread_mutex_unlock
                0x0200f2e4       0x80 /opt/devkitpro/devkitPPC/lib/gcc/powerpc-eabi/15.2.0/../../../../powerpc-eabi/lib/libsysbase.a(libsysbase_libsysbase_a-pthread.o)
                0x0200f2e4                pthread_mutex_unlock
 .text.pthread_once
                0x0200f364       0xfc /opt/devkitpro/devkitPPC/lib/gcc/powerpc-eabi/15.2.0/../../../../powerpc-eabi/lib/libsysbase.a(libsysbase_libsysbase_a-pthread.o)
                0x0200f364                pthread_once
 .text.pthread_key_create
                0x0200f460       0x2c /opt/devkitpro/devkitPPC/lib/gcc/powerpc-eabi/15.2.0/../../../../powerpc-eabi/lib/libsysbase.a(libsysbase_libsysbase_a-pthread.o)
                0x0200f460                pthread_key_create
 .text.pthread_setspecific
                0x0200f48c       0x1c /opt/devkitpro/devkitPPC/lib/gcc/powerpc-eabi/15.2.0/../../../../powerpc-eabi/lib/libsysbase.a(libsysbase_libsysbase_a-pthread.o)
                0x0200f48c                pthread_setspecific
 .text.pthread_getspecific
                0x0200f4a8       0x1c /opt/devkitpro/devkitPPC/lib/gcc/powerpc-eabi/15.2.0/../../../../powerpc-eabi/lib/libsysbase.a(libsysbase_libsysbase_a-pthread.o)
                0x0200f4a8                pthread_getspecific
 .text.pthread_key_delete
                0x0200f4c4       0x1c /opt/devkitpro/devkitPPC/lib/gcc/powerpc-eabi/15.2.0/../../../../powerpc-eabi/lib/libsysbase.a(libsysbase_libsysbase_a-pthread.o)
                0x0200f4c4                pthread_key_delete
 .text.__libc_lock_acquire
                0x0200f4e0       0x14 /opt/devkitpro/devkitPPC/lib/gcc/powerpc-eabi/15.2.0/../../../../powerpc-eabi/lib/libsysbase.a(libsysbase_libsysbase_a-syscall_support.o)
                0x0200f4e0                __libc_lock_acquire
 .text.__libc_lock_release
                0x0200f4f4       0x14 /opt/devkitpro/devkitPPC/lib/gcc/powerpc-eabi/15.2.0/../../../../powerpc-eabi/lib/libsysbase.a(libsysbase_libsysbase_a-syscall_support.o)
                0x0200f4f4                __libc_lock_release
 .text.__libc_lock_acquire_recursive
                0x0200f508       0x14 /opt/devkitpro/devkitPPC/lib/gcc/powerpc-eabi/15.2.0/../../../../powerpc-eabi/lib/libsysbase.a(libsysbase_libsysbase_a-syscall_support.o)
                0x0200f508                __libc_lock_acquire_recursive
 .text.__libc_lock_release_recursive
                0x0200f51c       0x14 /opt/devkitpro/devkitPPC/lib/gcc/powerpc-eabi/15.2.0/../../../../powerpc-eabi/lib/libsysbase.a(libsysbase_libsysbase_a-syscall_support.o)
                0x0200f51c                __libc_lock_release_recursive
 .text.__libc_cond_broadcast
                0x0200f530       0x1c /opt/devkitpro/devkitPPC/lib/gcc/powerpc-eabi/15.2.0/../../../../powerpc-eabi/lib/libsysbase.a(libsysbase_libsysbase_a-syscall_support.o)
                0x0200f530                __libc_cond_broadcast
 .text.__libc_cond_wait
                0x0200f54c       0x1c /opt/devkitpro/devkitPPC/lib/gcc/powerpc-eabi/15.2.0/../../../../powerpc-eabi/lib/libsysbase.a(libsysbase_libsysbase_a-syscall_support.o)
                0x0200f54c                __libc_cond_wait
 .text.getenv   0x0200f568       0x38 /opt/devkitpro/devkitPPC/lib/gcc/powerpc-eabi/15.2.0/../../../../powerpc-eabi/lib/libc.a(libc_a-getenv.o)
                0x0200f568                getenv
 .text.memcpy   0x0200f5a0      0x14c /opt/devkitpro/devkitPPC/lib/gcc/powerpc-eabi/15.2.0/../../../../powerpc-eabi/lib/libc.a(libc_a-memcpy.o)
                0x0200f5a0                memcpy
 .text.strlen   0x0200f6ec       0x80 /opt/devkitpro/devkitPPC/lib/gcc/powerpc-eabi/15.2.0/../../../../powerpc-eabi/lib/libc.a(libc_a-strlen.o)
                0x0200f6ec                strlen
 .text.strcpy   0x0200f76c       0x8c /opt/devkitpro/devkitPPC/lib/gcc/powerpc-eabi/15.2.0/../../../../powerpc-eabi/lib/libc.a(libc_a-strcpy.o)
                0x0200f76c                strcpy
 .text.memalign
                0x0200f7f8       0x40 /opt/devkitpro/devkitPPC/lib/gcc/powerpc-eabi/15.2.0/../../../../powerpc-eabi/lib/libc.a(libc_a-malign.o)
                0x0200f7f8                memalign
 .text.snprintf
                0x0200f838      0x130 /opt/devkitpro/devkitPPC/lib/gcc/powerpc-eabi/15.2.0/../../../../powerpc-eabi/lib/libc.a(libc_a-snprintf.o)
                0x0200f838                snprintf
 .text.memchr   0x0200f968      0x148 /opt/devkitpro/devkitPPC/lib/gcc/powerpc-eabi/15.2.0/../../../../powerpc-eabi/lib/libc.a(libc_a-memchr.o)
                0x0200f968                memchr
 .text._strtoul_l.isra.0
                0x0200fab0      0x218 /opt/devkitpro/devkitPPC/lib/gcc/powerpc-eabi/15.2.0/../../../../powerpc-eabi/lib/libc.a(libc_a-strtoul.o)
 .text.strtoul  0x0200fcc8       0x64 /opt/devkitpro/devkitPPC/lib/gcc/powerpc-eabi/15.2.0/../../../../powerpc-eabi/lib/libc.a(libc_a-strtoul.o)
                0x0200fcc8                strtoul
 .text.strchr   0x0200fd2c      0x154 /opt/devkitpro/devkitPPC/lib/gcc/powerpc-eabi/15.2.0/../../../../powerpc-eabi/lib/libc.a(libc_a-strchr.o)
                0x0200fd2c                strchr
 .text.memcmp   0x0200fe80      0x124 /opt/devkitpro/devkitPPC/lib/gcc/powerpc-eabi/15.2.0/../../../../powerpc-eabi/lib/libc.a(libc_a-memcmp.o)
                0x0200fe80                memcmp
 .text.memset   0x0200ffa4      0x180 /opt/devkitpro/devkitPPC/lib/gcc/powerpc-eabi/15.2.0/../../../../powerpc-eabi/lib/libc.a(libc_a-memset.o)
                0x0200ffa4                memset
 .text.strncpy  0x02010124      0x104 /opt/devkitpro/devkitPPC/lib/gcc/powerpc-eabi/15.2.0/../../../../powerpc-eabi/lib/libc.a(libc_a-strncpy.o)
                0x02010124                strncpy
 .text.strcmp   0x02010228       0x9c /opt/devkitpro/devkitPPC/lib/gcc/powerpc-eabi/15.2.0/../../../../powerpc-eabi/lib/libc.a(libc_a-strcmp.o)
                0x02010228                strcmp
 .text.malloc   0x020102c4       0x58 /opt/devkitpro/devkitPPC/lib/gcc/powerpc-eabi/15.2.0/../../../../powerpc-eabi/lib/libc.a(libc_a-malloc.o)
                0x020102c4                malloc
 .text.free     0x0201031c       0x30 /opt/devkitpro/devkitPPC/lib/gcc/powerpc-eabi/15.2.0/../../../../powerpc-eabi/lib/libc.a(libc_a-malloc.o)
                0x0201031c                free
 .text.strrchr  0x0201034c       0x78 /opt/devkitpro/devkitPPC/lib/gcc/powerpc-eabi/15.2.0/../../../../powerpc-eabi/lib/libc.a(libc_a-strrchr.o)
                0x0201034c                strrchr
 .text._findenv_r
                0x020103c4      0x13c /opt/devkitpro/devkitPPC/lib/gcc/powerpc-eabi/15.2.0/../../../../powerpc-eabi/lib/libc.a(libc_a-getenv_r.o)
                0x020103c4                _findenv_r
 .text.memmove  0x02010500      0x254 /opt/devkitpro/devkitPPC/lib/gcc/powerpc-eabi/15.2.0/../../../../powerpc-eabi/lib/libc.a(libc_a-memmove.o)
                0x02010500                memmove
 .text.strdup   0x02010754       0x30 /opt/devkitpro/devkitPPC/lib/gcc/powerpc-eabi/15.2.0/../../../../powerpc-eabi/lib/libc.a(libc_a-strdup.o)
                0x02010754                strdup
 .text._reclaim_reent
                0x02010784      0x10c /opt/devkitpro/devkitPPC/lib/gcc/powerpc-eabi/15.2.0/../../../../powerpc-eabi/lib/libc.a(libc_a-reent.o)
                0x02010784                _reclaim_reent
 .text.get_arg  0x02010890      0x7bc /opt/devkitpro/devkitPPC/lib/gcc/powerpc-eabi/15.2.0/../../../../powerpc-eabi/lib/libc.a(libc_a-svfprintf.o)
 .text._svfprintf_r
                0x0201104c     0x39f8 /opt/devkitpro/devkitPPC/lib/gcc/powerpc-eabi/15.2.0/../../../../powerpc-eabi/lib/libc.a(libc_a-svfprintf.o)
                0x0201104c                _svfprintf_r
 .text.strnlen  0x02014a44       0xc0 /opt/devkitpro/devkitPPC/lib/gcc/powerpc-eabi/15.2.0/../../../../powerpc-eabi/lib/libc.a(libc_a-strnlen.o)
                0x02014a44                strnlen
 .text.strncmp  0x02014b04       0xc8 /opt/devkitpro/devkitPPC/lib/gcc/powerpc-eabi/15.2.0/../../../../powerpc-eabi/lib/libc.a(libc_a-strncmp.o)
                0x02014b04                strncmp
 .text.frexp    0x02014bcc       0x90 /opt/devkitpro/devkitPPC/lib/gcc/powerpc-eabi/15.2.0/../../../../powerpc-eabi/lib/libc.a(libm_a-s_frexp.o)
                0x02014bcc                frexp
 .text.__env_lock
                0x02014c5c        0xc /opt/devkitpro/devkitPPC/lib/gcc/powerpc-eabi/15.2.0/../../../../powerpc-eabi/lib/libc.a(libc_a-envlock.o)
                0x02014c5c                __env_lock
 .text.__env_unlock
                0x02014c68        0xc /opt/devkitpro/devkitPPC/lib/gcc/powerpc-eabi/15.2.0/../../../../powerpc-eabi/lib/libc.a(libc_a-envlock.o)
                0x02014c68                __env_unlock
 .text._strdup_r
                0x02014c74       0x70 /opt/devkitpro/devkitPPC/lib/gcc/powerpc-eabi/15.2.0/../../../../powerpc-eabi/lib/libc.a(libc_a-strdup_r.o)
                0x02014c74                _strdup_r
 .text._wcrtomb_r
                0x02014ce4      0x104 /opt/devkitpro/devkitPPC/lib/gcc/powerpc-eabi/15.2.0/../../../../powerpc-eabi/lib/libc.a(libc_a-wcrtomb.o)
                0x02014ce4                _wcrtomb_r
 .text.__ssprint_r
                0x02014de8      0x10c /opt/devkitpro/devkitPPC/lib/gcc/powerpc-eabi/15.2.0/../../../../powerpc-eabi/lib/libc.a(libc_a-ssprint_r.o)
                0x02014de8                __ssprint_r
 .text.__locale_mb_cur_max
                0x02014ef4       0x4c /opt/devkitpro/devkitPPC/lib/gcc/powerpc-eabi/15.2.0/../../../../powerpc-eabi/lib/libc.a(libc_a-locale.o)
                0x02014ef4                __locale_mb_cur_max
 .text.quorem   0x02014f40      0x340 /opt/devkitpro/devkitPPC/lib/gcc/powerpc-eabi/15.2.0/../../../../powerpc-eabi/lib/libc.a(libc_a-dtoa.o)
 .text._dtoa_r  0x02015280     0x1720 /opt/devkitpro/devkitPPC/lib/gcc/powerpc-eabi/15.2.0/../../../../powerpc-eabi/lib/libc.a(libc_a-dtoa.o)
                0x02015280                _dtoa_r
 .text._wcsrtombs_r
                0x020169a0       0x10 /opt/devkitpro/devkitPPC/lib/gcc/powerpc-eabi/15.2.0/../../../../powerpc-eabi/lib/libc.a(libc_a-wcsrtombs.o)
                0x020169a0                _wcsrtombs_r
 .text._localeconv_r
                0x020169b0       0x4c /opt/devkitpro/devkitPPC/lib/gcc/powerpc-eabi/15.2.0/../../../../powerpc-eabi/lib/libc.a(libc_a-localeconv.o)
                0x020169b0                _localeconv_r
 .text.__ssputs_r
                0x020169fc      0x194 /opt/devkitpro/devkitPPC/lib/gcc/powerpc-eabi/15.2.0/../../../../powerpc-eabi/lib/libc.a(libc_a-ssputs_r.o)
                0x020169fc                __ssputs_r
 .text.__utf8_wctomb
                0x02016b90      0x108 /opt/devkitpro/devkitPPC/lib/gcc/powerpc-eabi/15.2.0/../../../../powerpc-eabi/lib/libc.a(libc_a-wctomb_r.o)
                0x02016b90                __utf8_wctomb
 .text._wcsnrtombs_l
                0x02016c98      0x1e4 /opt/devkitpro/devkitPPC/lib/gcc/powerpc-eabi/15.2.0/../../../../powerpc-eabi/lib/libc.a(libc_a-wcsnrtombs.o)
                0x02016c98                _wcsnrtombs_l
 .text._wcsnrtombs_r
                0x02016e7c       0xd8 /opt/devkitpro/devkitPPC/lib/gcc/powerpc-eabi/15.2.0/../../../../powerpc-eabi/lib/libc.a(libc_a-wcsnrtombs.o)
                0x02016e7c                _wcsnrtombs_r
 .text._Balloc  0x02016f54       0xf4 /opt/devkitpro/devkitPPC/lib/gcc/powerpc-eabi/15.2.0/../../../../powerpc-eabi/lib/libc.a(libc_a-mprec.o)
                0x02016f54                _Balloc
 .text._Bfree   0x02017048       0x24 /opt/devkitpro/devkitPPC/lib/gcc/powerpc-eabi/15.2.0/../../../../powerpc-eabi/lib/libc.a(libc_a-mprec.o)
                0x02017048                _Bfree
 .text.__multadd
                0x0201706c      0x174 /opt/devkitpro/devkitPPC/lib/gcc/powerpc-eabi/15.2.0/../../../../powerpc-eabi/lib/libc.a(libc_a-mprec.o)
                0x0201706c                __multadd
 .text.__hi0bits
                0x020171e0       0x98 /opt/devkitpro/devkitPPC/lib/gcc/powerpc-eabi/15.2.0/../../../../powerpc-eabi/lib/libc.a(libc_a-mprec.o)
                0x020171e0                __hi0bits
 .text.__lo0bits
                0x02017278      0x10c /opt/devkitpro/devkitPPC/lib/gcc/powerpc-eabi/15.2.0/../../../../powerpc-eabi/lib/libc.a(libc_a-mprec.o)
                0x02017278                __lo0bits
 .text.__i2b    0x02017384      0x108 /opt/devkitpro/devkitPPC/lib/gcc/powerpc-eabi/15.2.0/../../../../powerpc-eabi/lib/libc.a(libc_a-mprec.o)
                0x02017384                __i2b
 .text.__multiply
                0x0201748c      0x338 /opt/devkitpro/devkitPPC/lib/gcc/powerpc-eabi/15.2.0/../../../../powerpc-eabi/lib/libc.a(libc_a-mprec.o)
                0x0201748c                __multiply
 .text.__pow5mult
                0x020177c4      0x19c /opt/devkitpro/devkitPPC/lib/gcc/powerpc-eabi/15.2.0/../../../../powerpc-eabi/lib/libc.a(libc_a-mprec.o)
                0x020177c4                __pow5mult
 .text.__lshift
                0x02017960      0x26c /opt/devkitpro/devkitPPC/lib/gcc/powerpc-eabi/15.2.0/../../../../powerpc-eabi/lib/libc.a(libc_a-mprec.o)
                0x02017960                __lshift
 .text.__mcmp   0x02017bcc       0xdc /opt/devkitpro/devkitPPC/lib/gcc/powerpc-eabi/15.2.0/../../../../powerpc-eabi/lib/libc.a(libc_a-mprec.o)
                0x02017bcc                __mcmp
 .text.__mdiff  0x02017ca8      0x314 /opt/devkitpro/devkitPPC/lib/gcc/powerpc-eabi/15.2.0/../../../../powerpc-eabi/lib/libc.a(libc_a-mprec.o)
                0x02017ca8                __mdiff
 .text.__d2b    0x02017fbc      0x194 /opt/devkitpro/devkitPPC/lib/gcc/powerpc-eabi/15.2.0/../../../../powerpc-eabi/lib/libc.a(libc_a-mprec.o)
                0x02017fbc                __d2b
 .text.__utf8_mbtowc
                0x02018150      0x604 /opt/devkitpro/devkitPPC/lib/gcc/powerpc-eabi/15.2.0/../../../../powerpc-eabi/lib/libc.a(libc_a-mbtowc_r.o)
                0x02018150                __utf8_mbtowc
 .text.__umoddi3
                0x02018754      0x384 /opt/devkitpro/devkitPPC/lib/gcc/powerpc-eabi/15.2.0/libgcc.a(_umoddi3.o)
                0x02018754                __umoddi3
 .text.__do_global_ctors_aux
                0x02018ad8       0x50 /opt/devkitpro/devkitPPC/lib/gcc/powerpc-eabi/15.2.0/crtend.o
 *(.gnu.warning)
 *(.glink)
 .glink         0x02018b28        0x0 /opt/devkitpro/devkitPPC/lib/gcc/powerpc-eabi/15.2.0/crtbegin.o
 *(SORT_NONE(.fini))
 .fini          0x02018b28        0xc /opt/devkitpro/devkitPPC/lib/gcc/powerpc-eabi/15.2.0/ecrti.o
                0x02018b28                __fini
 .fini          0x02018b34        0x4 /opt/devkitpro/devkitPPC/lib/gcc/powerpc-eabi/15.2.0/crtbegin.o
 .fini          0x02018b38       0x10 /opt/devkitpro/devkitPPC/lib/gcc/powerpc-eabi/15.2.0/ecrtn.o
                0x10000000                        . = ORIGIN (datamem)

.rodata         0x10000000     0x20dc
 *(.sdata2 .sdata2.* .gnu.linkonce.s2.*)
 .sdata2        0x10000000        0x0 /opt/devkitpro/devkitPPC/lib/gcc/powerpc-eabi/15.2.0/crtbegin.o
                0x10008000                _SDA2_BASE_
 *(.sbss2 .sbss2.* .gnu.linkonce.sb2.*)
 *(.rodata .rodata.* .gnu.linkonce.r.*)
 .rodata.str1.1
                0x10000000      0x18c config.o
                                 0x68 (size before relaxing)
 .rodata._ZTS21WUPSConfigItemBoolean
                0x1000018c       0x18 config.o
                0x1000018c                _ZTS21WUPSConfigItemBoolean
 .rodata._ZTI21WUPSConfigItemBoolean
                0x100001a4        0xc config.o
                0x100001a4                _ZTI21WUPSConfigItemBoolean
 .rodata._ZTV21WUPSConfigItemBoolean
                0x100001b0       0x10 config.o
                0x100001b0                _ZTV21WUPSConfigItemBoolean
 .rodata.str1.1
                0x100001c0        0x0 input_patches.o
                                0x112 (size before relaxing)
 .rodata.str1.1
                0x100001c0        0x0 main.o
                                 0x5c (size before relaxing)
 .rodata.cst4   0x100001c0       0x34 main.o
                                  0x4 (size before relaxing)
 .rodata.WUPSConfigAPI_GetStatusStr.str1.4
                0x100001f4      0xded /opt/devkitpro/wups/lib/libwups.a(config_api.o)
                                0x1db (size before relaxing)
 *fill*         0x10000fe1        0x3 
 .rodata.WUPSConfigAPI_GetStatusStr
                0x10000fe4       0x54 /opt/devkitpro/wups/lib/libwups.a(config_api.o)
 .rodata.WUPSConfigAPI_GetVersion.str1.4
                0x10001038        0x0 /opt/devkitpro/wups/lib/libwups.a(config_api.o)
                                 0x31 (size before relaxing)
 .rodata.WUPSConfigAPI_InitLibrary_Internal.str1.4
                0x10001038        0x0 /opt/devkitpro/wups/lib/libwups.a(config_api.o)
                                0x109 (size before relaxing)
 .rodata.__wups_start.str1.4
                0x10001038        0x0 /opt/devkitpro/wups/lib/libwups.a(main.o)
                                 0x38 (size before relaxing)
 .rodata.wut_get_thread_specific.str1.4
                0x10001038        0x0 /opt/devkitpro/wups/lib/libwups.a(main.o)
                                 0x59 (size before relaxing)
 .rodata.abort.str1.4
                0x10001038        0x0 /opt/devkitpro/wups/lib/libwups.a(main.o)
                                 0x47 (size before relaxing)
 .rodata.__assert_func.str1.4
                0x10001038        0x0 /opt/devkitpro/wups/lib/libwups.a(main.o)
                                 0x68 (size before relaxing)
 .rodata._ZNSt7__cxx1112basic_stringIcSt11char_traitsIcESaIcEEC2IS3_EEPKcRKS3_.str1.4
                0x10001038        0x0 /opt/devkitpro/wups/lib/libwups.a(storageCPP.o)
                                 0x32 (size before relaxing)
 .rodata._ZNSt7__cxx1112basic_stringIcSt11char_traitsIcESaIcEE6appendEPKcj.str1.4
                0x10001038        0x0 /opt/devkitpro/wups/lib/libwups.a(storageCPP.o)
                                 0x30 (size before relaxing)
 .rodata._ZN18WUPSConfigCategory3addEO14WUPSConfigItem.str1.4
                0x10001038        0x0 /opt/devkitpro/wups/lib/libwups.a(WUPSConfigCategory.o)
                                 0x1f (size before relaxing)
 .rodata._ZTS18WUPSConfigCategory
                0x10001038       0x15 /opt/devkitpro/wups/lib/libwups.a(WUPSConfigCategory.o)
                0x10001038                _ZTS18WUPSConfigCategory
 *fill*         0x1000104d        0x3 
 .rodata._ZTV18WUPSConfigCategory
                0x10001050       0x10 /opt/devkitpro/wups/lib/libwups.a(WUPSConfigCategory.o)
                0x10001050                _ZTV18WUPSConfigCategory
 .rodata._ZN21WUPSConfigItemBoolean6CreateESt8optionalINSt7__cxx1112basic_stringIcSt11char_traitsIcESaIcEEEESt17basic_string_viewIcS4_EbbPFvP17ConfigItemBooleanbER19WUPSConfigAPIStatus.str1.4
                0x10001060        0x0 /opt/devkitpro/wups/lib/libwups.a(WUPSConfigItemBooleanCpp.o)
                                  0xd (size before relaxing)
 .rodata._ZN21WUPSConfigItemBoolean8CreateExESt8optionalINSt7__cxx1112basic_stringIcSt11char_traitsIcESaIcEEEESt17basic_string_viewIcS4_EbbPFvP17ConfigItemBooleanbES9_S9_.str1.4
                0x10001060        0x0 /opt/devkitpro/wups/lib/libwups.a(WUPSConfigItemBooleanCpp.o)
                                 0x29 (size before relaxing)
 .rodata._ZTS14WUPSConfigItem
                0x10001060       0x11 /opt/devkitpro/wups/lib/libwups.a(WUPSConfigItem.o)
                0x10001060                _ZTS14WUPSConfigItem
 *fill*         0x10001071        0x3 
 .rodata._ZTV14WUPSConfigItem
                0x10001074       0x10 /opt/devkitpro/wups/lib/libwups.a(WUPSConfigItem.o)
                0x10001074                _ZTV14WUPSConfigItem
 .rodata.WUPSReentAPI_InitInternal.str1.4
                0x10001084        0x0 /opt/devkitpro/wups/lib/libwups.a(wups_reent.o)
                                 0x1f (size before relaxing)
 .rodata._Z15__wups_getreentv.str1.4
                0x10001084        0x0 /opt/devkitpro/wups/lib/libwups.a(wups_reent.o)
                                 0x38 (size before relaxing)
 .rodata._ZL14sReentPluginId
                0x10001084        0x4 /opt/devkitpro/wups/lib/libwups.a(wups_reent.o)
 .rodata._ZL52WUPSConfigItemBoolean_getCurrentValueSelectedDisplayPvPci.str1.4
                0x10001088        0x0 /opt/devkitpro/wups/lib/libwups.a(WUPSConfigItemBoolean.o)
                                  0xf (size before relaxing)
 .rodata._ZL44WUPSConfigItemBoolean_getCurrentValueDisplayPvPci.str1.4
                0x10001088        0x0 /opt/devkitpro/wups/lib/libwups.a(WUPSConfigItemBoolean.o)
                                  0x5 (size before relaxing)
 .rodata.WUPSConfigItemBoolean_CreateEx.str1.4
                0x10001088        0x0 /opt/devkitpro/wups/lib/libwups.a(WUPSConfigItemBoolean.o)
                                  0x3 (size before relaxing)
 .rodata        0x10001088       0x24 /opt/devkitpro/wups/lib/libwups.a(WUPSConfigItemBoolean.o)
 .rodata.__init_wut_devoptab.str1.4
                0x100010ac        0x0 /opt/devkitpro/wut/lib/libwut.a(devoptab_fsa.o)
                                 0x33 (size before relaxing)
 .rodata.str1.4
                0x100010ac        0x0 /opt/devkitpro/wut/lib/libwut.a(devoptab_fsa.o)
                                  0x3 (size before relaxing)
 .rodata._ZL18__wut_fsa_devoptab
                0x100010ac       0x80 /opt/devkitpro/wut/lib/libwut.a(devoptab_fsa.o)
 .rodata.__wut_fsa_dirnext.str1.4
                0x1000112c        0x0 /opt/devkitpro/wut/lib/libwut.a(devoptab_fsa_dirnext.o)
                                  0xb (size before relaxing)
 .rodata.__wut_fsa_diropen.str1.4
                0x1000112c        0x0 /opt/devkitpro/wut/lib/libwut.a(devoptab_fsa_diropen.o)
                                  0x3 (size before relaxing)
 .rodata.__wut_fsa_open.str1.4
                0x1000112c        0x0 /opt/devkitpro/wut/lib/libwut.a(devoptab_fsa_open.o)
                                 0x1b (size before relaxing)
 .rodata.__wut_fsa_fixpath.str1.4
                0x1000112c        0x0 /opt/devkitpro/wut/lib/libwut.a(devoptab_fsa_utils.o)
                                  0xb (size before relaxing)
 .rodata.CSWTCH.24
                0x1000112c       0x42 /opt/devkitpro/wut/lib/libwut.a(devoptab_fsa_utils.o)
 .rodata.__wut_fsa_chdir.str1.4
                0x1000116e        0x0 /opt/devkitpro/wut/lib/libwut.a(devoptab_fsa_chdir.o)
                                  0x3 (size before relaxing)
 .rodata.NotificationModule_GetVersion.str1.4
                0x1000116e        0x0 /opt/devkitpro/wums/lib/libnotifications.a(utils.o)
                                0x109 (size before relaxing)
 .rodata.NotificationModule_InitLibrary.str1.4
                0x1000116e        0x0 /opt/devkitpro/wums/lib/libnotifications.a(utils.o)
                                0x4d8 (size before relaxing)
 *fill*         0x1000116e        0x2 
 .rodata.NotificationModule_SetDefaultValue
                0x10001170       0x18 /opt/devkitpro/wums/lib/libnotifications.a(utils.o)
 .rodata.cst4   0x10001188        0x0 /opt/devkitpro/wums/lib/libnotifications.a(utils.o)
                                  0x4 (size before relaxing)
 .rodata        0x10001188       0x1c /opt/devkitpro/wums/lib/libnotifications.a(utils.o)
 .rodata._ZTSN10__cxxabiv117__class_type_infoE
                0x100011a4       0x22 /opt/devkitpro/devkitPPC/lib/gcc/powerpc-eabi/15.2.0/../../../../powerpc-eabi/lib/libstdc++.a(class_type_info.o)
                0x100011a4                _ZTSN10__cxxabiv117__class_type_infoE
 *fill*         0x100011c6        0x2 
 .rodata._ZTIN10__cxxabiv117__class_type_infoE
                0x100011c8        0xc /opt/devkitpro/devkitPPC/lib/gcc/powerpc-eabi/15.2.0/../../../../powerpc-eabi/lib/libstdc++.a(class_type_info.o)
                0x100011c8                _ZTIN10__cxxabiv117__class_type_infoE
 .rodata._ZTVN10__cxxabiv117__class_type_infoE
                0x100011d4       0x2c /opt/devkitpro/devkitPPC/lib/gcc/powerpc-eabi/15.2.0/../../../../powerpc-eabi/lib/libstdc++.a(class_type_info.o)
                0x100011d4                _ZTVN10__cxxabiv117__class_type_infoE
 .rodata._ZNK9__gnu_cxx24__concurrence_lock_error4whatEv.str1.4
                0x10001200        0x0 /opt/devkitpro/devkitPPC/lib/gcc/powerpc-eabi/15.2.0/../../../../powerpc-eabi/lib/libstdc++.a(eh_alloc.o)
                                 0x24 (size before relaxing)
 .rodata._ZNK9__gnu_cxx26__concurrence_unlock_error4whatEv.str1.4
                0x10001200        0x0 /opt/devkitpro/devkitPPC/lib/gcc/powerpc-eabi/15.2.0/../../../../powerpc-eabi/lib/libstdc++.a(eh_alloc.o)
                                 0x26 (size before relaxing)
 .rodata._GLOBAL__sub_I__ZN9__gnu_cxx9__freeresEv.str1.4
                0x10001200        0x0 /opt/devkitpro/devkitPPC/lib/gcc/powerpc-eabi/15.2.0/../../../../powerpc-eabi/lib/libstdc++.a(eh_alloc.o)
                                 0x3c (size before relaxing)
 .rodata._ZTSN9__gnu_cxx24__concurrence_lock_errorE
                0x10001200       0x27 /opt/devkitpro/devkitPPC/lib/gcc/powerpc-eabi/15.2.0/../../../../powerpc-eabi/lib/libstdc++.a(eh_alloc.o)
                0x10001200                _ZTSN9__gnu_cxx24__concurrence_lock_errorE
 *fill*         0x10001227        0x1 
 .rodata._ZTIN9__gnu_cxx24__concurrence_lock_errorE
                0x10001228        0xc /opt/devkitpro/devkitPPC/lib/gcc/powerpc-eabi/15.2.0/../../../../powerpc-eabi/lib/libstdc++.a(eh_alloc.o)
                0x10001228                _ZTIN9__gnu_cxx24__concurrence_lock_errorE
 .rodata._ZTSN9__gnu_cxx26__concurrence_unlock_errorE
                0x10001234       0x29 /opt/devkitpro/devkitPPC/lib/gcc/powerpc-eabi/15.2.0/../../../../powerpc-eabi/lib/libstdc++.a(eh_alloc.o)
                0x10001234                _ZTSN9__gnu_cxx26__concurrence_unlock_errorE
 *fill*         0x1000125d        0x3 
 .rodata._ZTIN9__gnu_cxx26__concurrence_unlock_errorE
                0x10001260        0xc /opt/devkitpro/devkitPPC/lib/gcc/powerpc-eabi/15.2.0/../../../../powerpc-eabi/lib/libstdc++.a(eh_alloc.o)
                0x10001260                _ZTIN9__gnu_cxx26__concurrence_unlock_errorE
 .rodata._ZTVN9__gnu_cxx24__concurrence_lock_errorE
                0x1000126c       0x14 /opt/devkitpro/devkitPPC/lib/gcc/powerpc-eabi/15.2.0/../../../../powerpc-eabi/lib/libstdc++.a(eh_alloc.o)
                0x1000126c                _ZTVN9__gnu_cxx24__concurrence_lock_errorE
 .rodata._ZTVN9__gnu_cxx26__concurrence_unlock_errorE
                0x10001280       0x14 /opt/devkitpro/devkitPPC/lib/gcc/powerpc-eabi/15.2.0/../../../../powerpc-eabi/lib/libstdc++.a(eh_alloc.o)
                0x10001280                _ZTVN9__gnu_cxx26__concurrence_unlock_errorE
 .rodata._ZTSSt9exception
                0x10001294        0xd /opt/devkitpro/devkitPPC/lib/gcc/powerpc-eabi/15.2.0/../../../../powerpc-eabi/lib/libstdc++.a(eh_exception.o)
                0x10001294                _ZTSSt9exception
 *fill*         0x100012a1        0x3 
 .rodata._ZTSN10__cxxabiv115__forced_unwindE
                0x100012a4       0x20 /opt/devkitpro/devkitPPC/lib/gcc/powerpc-eabi/15.2.0/../../../../powerpc-eabi/lib/libstdc++.a(eh_exception.o)
                0x100012a4                _ZTSN10__cxxabiv115__forced_unwindE
 .rodata._ZTSN10__cxxabiv119__foreign_exceptionE
                0x100012c4       0x24 /opt/devkitpro/devkitPPC/lib/gcc/powerpc-eabi/15.2.0/../../../../powerpc-eabi/lib/libstdc++.a(eh_exception.o)
                0x100012c4                _ZTSN10__cxxabiv119__foreign_exceptionE
 .rodata._ZL28read_encoded_value_with_basehjPKhPj
                0x100012e8       0x34 /opt/devkitpro/devkitPPC/lib/gcc/powerpc-eabi/15.2.0/../../../../powerpc-eabi/lib/libstdc++.a(eh_personality.o)
 .rodata._ZTSN10__cxxabiv120__si_class_type_infoE
                0x1000131c       0x25 /opt/devkitpro/devkitPPC/lib/gcc/powerpc-eabi/15.2.0/../../../../powerpc-eabi/lib/libstdc++.a(si_class_type_info.o)
                0x1000131c                _ZTSN10__cxxabiv120__si_class_type_infoE
 *fill*         0x10001341        0x3 
 .rodata._ZTIN10__cxxabiv120__si_class_type_infoE
                0x10001344        0xc /opt/devkitpro/devkitPPC/lib/gcc/powerpc-eabi/15.2.0/../../../../powerpc-eabi/lib/libstdc++.a(si_class_type_info.o)
                0x10001344                _ZTIN10__cxxabiv120__si_class_type_infoE
 .rodata._ZTVN10__cxxabiv120__si_class_type_infoE
                0x10001350       0x2c /opt/devkitpro/devkitPPC/lib/gcc/powerpc-eabi/15.2.0/../../../../powerpc-eabi/lib/libstdc++.a(si_class_type_info.o)
                0x10001350                _ZTVN10__cxxabiv120__si_class_type_infoE
 .rodata._ZTSSt9type_info
                0x1000137c        0xd /opt/devkitpro/devkitPPC/lib/gcc/powerpc-eabi/15.2.0/../../../../powerpc-eabi/lib/libstdc++.a(tinfo.o)
                0x1000137c                _ZTSSt9type_info
 *fill*         0x10001389        0x3 
 .rodata._ZTSSt11logic_error
                0x1000138c       0x10 /opt/devkitpro/devkitPPC/lib/gcc/powerpc-eabi/15.2.0/../../../../powerpc-eabi/lib/libstdc++.a(stdexcept.o)
                0x1000138c                _ZTSSt11logic_error
 .rodata._ZTISt11logic_error
                0x1000139c        0xc /opt/devkitpro/devkitPPC/lib/gcc/powerpc-eabi/15.2.0/../../../../powerpc-eabi/lib/libstdc++.a(stdexcept.o)
                0x1000139c                _ZTISt11logic_error
 .rodata._ZTSSt12length_error
                0x100013a8       0x11 /opt/devkitpro/devkitPPC/lib/gcc/powerpc-eabi/15.2.0/../../../../powerpc-eabi/lib/libstdc++.a(stdexcept.o)
                0x100013a8                _ZTSSt12length_error
 *fill*         0x100013b9        0x3 
 .rodata._ZTISt12length_error
                0x100013bc        0xc /opt/devkitpro/devkitPPC/lib/gcc/powerpc-eabi/15.2.0/../../../../powerpc-eabi/lib/libstdc++.a(stdexcept.o)
                0x100013bc                _ZTISt12length_error
 .rodata._ZTSSt13runtime_error
                0x100013c8       0x12 /opt/devkitpro/devkitPPC/lib/gcc/powerpc-eabi/15.2.0/../../../../powerpc-eabi/lib/libstdc++.a(stdexcept.o)
                0x100013c8                _ZTSSt13runtime_error
 *fill*         0x100013da        0x2 
 .rodata._ZTISt13runtime_error
                0x100013dc        0xc /opt/devkitpro/devkitPPC/lib/gcc/powerpc-eabi/15.2.0/../../../../powerpc-eabi/lib/libstdc++.a(stdexcept.o)
                0x100013dc                _ZTISt13runtime_error
 .rodata._ZTVSt11logic_error
                0x100013e8       0x14 /opt/devkitpro/devkitPPC/lib/gcc/powerpc-eabi/15.2.0/../../../../powerpc-eabi/lib/libstdc++.a(stdexcept.o)
                0x100013e8                _ZTVSt11logic_error
 .rodata._ZTVSt12length_error
                0x100013fc       0x14 /opt/devkitpro/devkitPPC/lib/gcc/powerpc-eabi/15.2.0/../../../../powerpc-eabi/lib/libstdc++.a(stdexcept.o)
                0x100013fc                _ZTVSt12length_error
 .rodata._ZTVSt13runtime_error
                0x10001410       0x14 /opt/devkitpro/devkitPPC/lib/gcc/powerpc-eabi/15.2.0/../../../../powerpc-eabi/lib/libstdc++.a(stdexcept.o)
                0x10001410                _ZTVSt13runtime_error
 .rodata._ZNSt11logic_errorC2EPKc.str1.4
                0x10001424        0x0 /opt/devkitpro/devkitPPC/lib/gcc/powerpc-eabi/15.2.0/../../../../powerpc-eabi/lib/libstdc++.a(cow-stdexcept.o)
                                 0x2a (size before relaxing)
 .rodata._ZNSs4_Rep9_S_createEjjRKSaIcE.str1.4
                0x10001424        0x0 /opt/devkitpro/devkitPPC/lib/gcc/powerpc-eabi/15.2.0/../../../../powerpc-eabi/lib/libstdc++.a(cow-string-inst.o)
                                 0x18 (size before relaxing)
 .rodata._ZNKSt9bad_alloc4whatEv.str1.4
                0x10001424        0x0 /opt/devkitpro/devkitPPC/lib/gcc/powerpc-eabi/15.2.0/../../../../powerpc-eabi/lib/libstdc++.a(bad_alloc.o)
                                  0xf (size before relaxing)
 .rodata._ZTSSt9bad_alloc
                0x10001424        0xd /opt/devkitpro/devkitPPC/lib/gcc/powerpc-eabi/15.2.0/../../../../powerpc-eabi/lib/libstdc++.a(bad_alloc.o)
                0x10001424                _ZTSSt9bad_alloc
 *fill*         0x10001431        0x3 
 .rodata._ZTISt9bad_alloc
                0x10001434        0xc /opt/devkitpro/devkitPPC/lib/gcc/powerpc-eabi/15.2.0/../../../../powerpc-eabi/lib/libstdc++.a(bad_alloc.o)
                0x10001434                _ZTISt9bad_alloc
 .rodata._ZTVSt9bad_alloc
                0x10001440       0x14 /opt/devkitpro/devkitPPC/lib/gcc/powerpc-eabi/15.2.0/../../../../powerpc-eabi/lib/libstdc++.a(bad_alloc.o)
                0x10001440                _ZTVSt9bad_alloc
 .rodata.read_encoded_value
                0x10001454       0x34 /opt/devkitpro/devkitPPC/lib/gcc/powerpc-eabi/15.2.0/libgcc.a(unwind-dw2.o)
 .rodata.execute_stack_op
                0x10001488      0x29c /opt/devkitpro/devkitPPC/lib/gcc/powerpc-eabi/15.2.0/libgcc.a(unwind-dw2.o)
 .rodata.uw_update_context_1
                0x10001724       0x18 /opt/devkitpro/devkitPPC/lib/gcc/powerpc-eabi/15.2.0/libgcc.a(unwind-dw2.o)
 .rodata.execute_cfa_program_specialized
                0x1000173c       0xc0 /opt/devkitpro/devkitPPC/lib/gcc/powerpc-eabi/15.2.0/libgcc.a(unwind-dw2.o)
 .rodata.execute_cfa_program_generic
                0x100017fc       0xc0 /opt/devkitpro/devkitPPC/lib/gcc/powerpc-eabi/15.2.0/libgcc.a(unwind-dw2.o)
 .rodata.read_encoded_value_with_base
                0x100018bc       0x34 /opt/devkitpro/devkitPPC/lib/gcc/powerpc-eabi/15.2.0/libgcc.a(unwind-dw2-fde.o)
 .rodata.terminator.0
                0x100018f0        0x8 /opt/devkitpro/devkitPPC/lib/gcc/powerpc-eabi/15.2.0/libgcc.a(unwind-dw2-fde.o)
 .rodata.str1.4
                0x100018f8        0x0 /opt/devkitpro/devkitPPC/lib/gcc/powerpc-eabi/15.2.0/../../../../powerpc-eabi/lib/libsysbase.a(libsysbase_libsysbase_a-iosupport.o)
                                  0x8 (size before relaxing)
 .rodata.dotab_stdnull
                0x100018f8       0x80 /opt/devkitpro/devkitPPC/lib/gcc/powerpc-eabi/15.2.0/../../../../powerpc-eabi/lib/libsysbase.a(libsysbase_libsysbase_a-iosupport.o)
                0x100018f8                dotab_stdnull
 .rodata.get_arg
                0x10001978       0xb0 /opt/devkitpro/devkitPPC/lib/gcc/powerpc-eabi/15.2.0/../../../../powerpc-eabi/lib/libc.a(libc_a-svfprintf.o)
 .rodata._svfprintf_r.str1.1
                0x10001a28        0x0 /opt/devkitpro/devkitPPC/lib/gcc/powerpc-eabi/15.2.0/../../../../powerpc-eabi/lib/libc.a(libc_a-svfprintf.o)
                                 0x3b (size before relaxing)
 .rodata._svfprintf_r
                0x10001a28      0x16c /opt/devkitpro/devkitPPC/lib/gcc/powerpc-eabi/15.2.0/../../../../powerpc-eabi/lib/libc.a(libc_a-svfprintf.o)
 .rodata.zeroes.0
                0x10001b94       0x10 /opt/devkitpro/devkitPPC/lib/gcc/powerpc-eabi/15.2.0/../../../../powerpc-eabi/lib/libc.a(libc_a-svfprintf.o)
 .rodata.blanks.1
                0x10001ba4       0x10 /opt/devkitpro/devkitPPC/lib/gcc/powerpc-eabi/15.2.0/../../../../powerpc-eabi/lib/libc.a(libc_a-svfprintf.o)
 .rodata.cst4   0x10001bb4        0x0 /opt/devkitpro/devkitPPC/lib/gcc/powerpc-eabi/15.2.0/../../../../powerpc-eabi/lib/libc.a(libc_a-svfprintf.o)
                                 0x14 (size before relaxing)
 *fill*         0x10001bb4        0x4 
 .rodata.cst8   0x10001bb8       0x20 /opt/devkitpro/devkitPPC/lib/gcc/powerpc-eabi/15.2.0/../../../../powerpc-eabi/lib/libc.a(libc_a-svfprintf.o)
                                  0x8 (size before relaxing)
 .rodata._ctype_
                0x10001bd8      0x101 /opt/devkitpro/devkitPPC/lib/gcc/powerpc-eabi/15.2.0/../../../../powerpc-eabi/lib/libc.a(libc_a-ctype_.o)
                0x10001bd8                _ctype_